<html>
<body>
<pre>
<h1>µVision Build Log</h1>
<h2>Tool Versions:</h2>
IDE-Version: µVision V5.17.0.0
Copyright (C) 2015 ARM Ltd and ARM Germany GmbH. All rights reserved.
License Information: noW noW, geo, LIC=NHY9U-SL21I-KTI3H-W80HX-ENB0V-57A1N
 
Tool Versions:
Toolchain:       MDK-ARM Professional  Version: 5.17
Toolchain Path:  D:\Programs\Keil\ARM\ARMCC\Bin
C Compiler:      Armcc.exe V5.06 update 1 (build 61)
Assembler:       Armasm.exe V5.06 update 1 (build 61)
Linker/Locator:  ArmLink.exe V5.06 update 1 (build 61)
Library Manager: ArmAr.exe V5.06 update 1 (build 61)
Hex Converter:   FromElf.exe V5.06 update 1 (build 61)
CPU DLL:         SARMCM3.DLL V5.17
Dialog DLL:      DCM.DLL V1.13.4.0
Target DLL:      STLink\ST-LINKIII-KEIL_SWO.dll V2.0.18.0
Dialog DLL:      TCM.DLL V1.14.6.0
 
<h2>Project:</h2>
D:\PROJECTS\CubeMX_tests\STM32F7_SPI_TEST\STM32F7_SPI_TEST\MDK-ARM\STM32F7_SPI_TEST.uvprojx
Project File Date:  01/18/2018

<h2>Output:</h2>
*** Using Compiler 'V5.06 update 1 (build 61)', folder: 'D:\Programs\Keil\ARM\ARMCC\Bin'
Build target 'STM32F7_SPI_TEST'
compiling CLI-commands.c...
..\CLI\CLI-commands.c(89): warning:  #191-D: type qualifier is meaningless on cast type
  	( const int8_t * const ) "echo-3-parameters",
..\CLI\CLI-commands.c(90): warning:  #191-D: type qualifier is meaningless on cast type
  	( const int8_t * const ) "echo-3-parameters <param1> <param2> <param3>:\r\n Expects three parameters, echos each in turn\r\n\r\n",
..\CLI\CLI-commands.c(100): warning:  #191-D: type qualifier is meaningless on cast type
  	( const int8_t * const ) "echo-parameters",
..\CLI\CLI-commands.c(101): warning:  #191-D: type qualifier is meaningless on cast type
  	( const int8_t * const ) "echo-parameters <...>:\r\n Take variable number of parameters, echos each in turn\r\n\r\n",
..\CLI\CLI-commands.c(108): warning:  #191-D: type qualifier is meaningless on cast type
  	( const int8_t * const ) "m2-send-word",
..\CLI\CLI-commands.c(109): warning:  #191-D: type qualifier is meaningless on cast type
  	( const int8_t * const ) "m2-send-word <word>:\r\nSend word \r\n\r\n",
..\CLI\CLI-commands.c: 6 warnings, 0 errors
linking...
Program Size: Code=16316 RO-data=1344 RW-data=200 ZI-data=33760  
"STM32F7_SPI_TEST\STM32F7_SPI_TEST.axf" - 0 Error(s), 6 Warning(s).

<h2>Software Packages used:</h2>

Package Vendor: ARM
                http://www.keil.com/pack/ARM.CMSIS.4.5.0.pack
                ARM::CMSIS:CORE:4.3.0
                CMSIS (Cortex Microcontroller Software Interface Standard)
   * Component: CORE Version: 4.3.0

<h2>Collection of Component include folders:</h2>
  D:\PROJECTS\CubeMX_tests\STM32F7_SPI_TEST\STM32F7_SPI_TEST\MDK-ARM\RTE
  D:\Programs\Keil\ARM\PACK\ARM\CMSIS\4.5.0\CMSIS\Include
  D:\Programs\Keil\ARM\PACK\Keil\STM32F7xx_DFP\2.8.0\Drivers\CMSIS\Device\ST\STM32F7xx\Include

<h2>Collection of Component Files used:</h2>

   * Component: ARM::CMSIS:CORE:4.3.0
Build Time Elapsed:  00:00:03
</pre>
</body>
</html>
