Component: ARM Compiler 5.06 update 1 (build 61) Tool: armlink [4d35a8]

==============================================================================

Section Cross References

    stm32f7xx_hal_i2c.o(i.HAL_I2C_DeInit) refers to stm32f7xx_hal_i2c.o(i.HAL_I2C_MspDeInit) for HAL_I2C_MspDeInit
    stm32f7xx_hal_i2c.o(i.HAL_I2C_DisableListen_IT) refers to stm32f7xx_hal_i2c.o(i.I2C_Disable_IRQ) for I2C_Disable_IRQ
    stm32f7xx_hal_i2c.o(i.HAL_I2C_ER_IRQHandler) refers to stm32f7xx_hal_i2c.o(i.I2C_ITError) for I2C_ITError
    stm32f7xx_hal_i2c.o(i.HAL_I2C_EnableListen_IT) refers to stm32f7xx_hal_i2c.o(i.I2C_Enable_IRQ) for I2C_Enable_IRQ
    stm32f7xx_hal_i2c.o(i.HAL_I2C_EnableListen_IT) refers to stm32f7xx_hal_i2c.o(i.I2C_Slave_ISR_IT) for I2C_Slave_ISR_IT
    stm32f7xx_hal_i2c.o(i.HAL_I2C_Init) refers to stm32f7xx_hal_i2c.o(i.HAL_I2C_MspInit) for HAL_I2C_MspInit
    stm32f7xx_hal_i2c.o(i.HAL_I2C_IsDeviceReady) refers to stm32f7xx_hal.o(i.HAL_GetTick) for HAL_GetTick
    stm32f7xx_hal_i2c.o(i.HAL_I2C_IsDeviceReady) refers to stm32f7xx_hal_i2c.o(i.I2C_WaitOnFlagUntilTimeout) for I2C_WaitOnFlagUntilTimeout
    stm32f7xx_hal_i2c.o(i.HAL_I2C_Master_Abort_IT) refers to stm32f7xx_hal_i2c.o(i.I2C_Disable_IRQ) for I2C_Disable_IRQ
    stm32f7xx_hal_i2c.o(i.HAL_I2C_Master_Abort_IT) refers to stm32f7xx_hal_i2c.o(i.I2C_TransferConfig) for I2C_TransferConfig
    stm32f7xx_hal_i2c.o(i.HAL_I2C_Master_Abort_IT) refers to stm32f7xx_hal_i2c.o(i.I2C_Enable_IRQ) for I2C_Enable_IRQ
    stm32f7xx_hal_i2c.o(i.HAL_I2C_Master_Receive) refers to stm32f7xx_hal.o(i.HAL_GetTick) for HAL_GetTick
    stm32f7xx_hal_i2c.o(i.HAL_I2C_Master_Receive) refers to stm32f7xx_hal_i2c.o(i.I2C_WaitOnFlagUntilTimeout) for I2C_WaitOnFlagUntilTimeout
    stm32f7xx_hal_i2c.o(i.HAL_I2C_Master_Receive) refers to stm32f7xx_hal_i2c.o(i.I2C_TransferConfig) for I2C_TransferConfig
    stm32f7xx_hal_i2c.o(i.HAL_I2C_Master_Receive) refers to stm32f7xx_hal_i2c.o(i.I2C_WaitOnRXNEFlagUntilTimeout) for I2C_WaitOnRXNEFlagUntilTimeout
    stm32f7xx_hal_i2c.o(i.HAL_I2C_Master_Receive) refers to stm32f7xx_hal_i2c.o(i.I2C_WaitOnSTOPFlagUntilTimeout) for I2C_WaitOnSTOPFlagUntilTimeout
    stm32f7xx_hal_i2c.o(i.HAL_I2C_Master_Receive_DMA) refers to stm32f7xx_hal_dma.o(i.HAL_DMA_Start_IT) for HAL_DMA_Start_IT
    stm32f7xx_hal_i2c.o(i.HAL_I2C_Master_Receive_DMA) refers to stm32f7xx_hal_i2c.o(i.I2C_TransferConfig) for I2C_TransferConfig
    stm32f7xx_hal_i2c.o(i.HAL_I2C_Master_Receive_DMA) refers to stm32f7xx_hal_i2c.o(i.I2C_Enable_IRQ) for I2C_Enable_IRQ
    stm32f7xx_hal_i2c.o(i.HAL_I2C_Master_Receive_DMA) refers to stm32f7xx_hal_i2c.o(i.I2C_Master_ISR_DMA) for I2C_Master_ISR_DMA
    stm32f7xx_hal_i2c.o(i.HAL_I2C_Master_Receive_DMA) refers to stm32f7xx_hal_i2c.o(i.I2C_DMAMasterReceiveCplt) for I2C_DMAMasterReceiveCplt
    stm32f7xx_hal_i2c.o(i.HAL_I2C_Master_Receive_DMA) refers to stm32f7xx_hal_i2c.o(i.I2C_DMAError) for I2C_DMAError
    stm32f7xx_hal_i2c.o(i.HAL_I2C_Master_Receive_DMA) refers to stm32f7xx_hal_i2c.o(i.I2C_Master_ISR_IT) for I2C_Master_ISR_IT
    stm32f7xx_hal_i2c.o(i.HAL_I2C_Master_Receive_IT) refers to stm32f7xx_hal_i2c.o(i.I2C_TransferConfig) for I2C_TransferConfig
    stm32f7xx_hal_i2c.o(i.HAL_I2C_Master_Receive_IT) refers to stm32f7xx_hal_i2c.o(i.I2C_Enable_IRQ) for I2C_Enable_IRQ
    stm32f7xx_hal_i2c.o(i.HAL_I2C_Master_Receive_IT) refers to stm32f7xx_hal_i2c.o(i.I2C_Master_ISR_IT) for I2C_Master_ISR_IT
    stm32f7xx_hal_i2c.o(i.HAL_I2C_Master_Sequential_Receive_IT) refers to stm32f7xx_hal_i2c.o(i.I2C_TransferConfig) for I2C_TransferConfig
    stm32f7xx_hal_i2c.o(i.HAL_I2C_Master_Sequential_Receive_IT) refers to stm32f7xx_hal_i2c.o(i.I2C_Enable_IRQ) for I2C_Enable_IRQ
    stm32f7xx_hal_i2c.o(i.HAL_I2C_Master_Sequential_Receive_IT) refers to stm32f7xx_hal_i2c.o(i.I2C_Master_ISR_IT) for I2C_Master_ISR_IT
    stm32f7xx_hal_i2c.o(i.HAL_I2C_Master_Sequential_Transmit_IT) refers to stm32f7xx_hal_i2c.o(i.I2C_TransferConfig) for I2C_TransferConfig
    stm32f7xx_hal_i2c.o(i.HAL_I2C_Master_Sequential_Transmit_IT) refers to stm32f7xx_hal_i2c.o(i.I2C_Enable_IRQ) for I2C_Enable_IRQ
    stm32f7xx_hal_i2c.o(i.HAL_I2C_Master_Sequential_Transmit_IT) refers to stm32f7xx_hal_i2c.o(i.I2C_Master_ISR_IT) for I2C_Master_ISR_IT
    stm32f7xx_hal_i2c.o(i.HAL_I2C_Master_Transmit) refers to stm32f7xx_hal.o(i.HAL_GetTick) for HAL_GetTick
    stm32f7xx_hal_i2c.o(i.HAL_I2C_Master_Transmit) refers to stm32f7xx_hal_i2c.o(i.I2C_WaitOnFlagUntilTimeout) for I2C_WaitOnFlagUntilTimeout
    stm32f7xx_hal_i2c.o(i.HAL_I2C_Master_Transmit) refers to stm32f7xx_hal_i2c.o(i.I2C_TransferConfig) for I2C_TransferConfig
    stm32f7xx_hal_i2c.o(i.HAL_I2C_Master_Transmit) refers to stm32f7xx_hal_i2c.o(i.I2C_WaitOnTXISFlagUntilTimeout) for I2C_WaitOnTXISFlagUntilTimeout
    stm32f7xx_hal_i2c.o(i.HAL_I2C_Master_Transmit) refers to stm32f7xx_hal_i2c.o(i.I2C_WaitOnSTOPFlagUntilTimeout) for I2C_WaitOnSTOPFlagUntilTimeout
[...]
    Removing tasks.o(i.xTaskGenericNotifyFromISR), (336 bytes).
    Removing tasks.o(i.xTaskGetCurrentTaskHandle), (12 bytes).
    Removing tasks.o(i.xTaskGetTickCount), (12 bytes).
    Removing tasks.o(i.xTaskGetTickCountFromISR), (20 bytes).
    Removing tasks.o(i.xTaskNotifyStateClear), (52 bytes).
    Removing tasks.o(i.xTaskNotifyWait), (160 bytes).
    Removing tasks.o(i.xTaskPriorityDisinherit), (208 bytes).
    Removing tasks.o(i.xTaskRemoveFromEventList), (156 bytes).
    Removing tasks.o(i.xTaskRemoveFromUnorderedEventList), (184 bytes).
    Removing tasks.o(i.xTaskResumeFromISR), (188 bytes).
    Removing event_groups.o(i.prvTestWaitCondition), (30 bytes).
    Removing event_groups.o(i.vEventGroupClearBitsCallback), (16 bytes).
    Removing event_groups.o(i.vEventGroupDelete), (86 bytes).
    Removing event_groups.o(i.vEventGroupSetBitsCallback), (16 bytes).
    Removing event_groups.o(i.xEventGroupClearBits), (100 bytes).
    Removing event_groups.o(i.xEventGroupCreate), (26 bytes).
    Removing event_groups.o(i.xEventGroupGetBitsFromISR), (48 bytes).
    Removing event_groups.o(i.xEventGroupSetBits), (214 bytes).
    Removing event_groups.o(i.xEventGroupSync), (280 bytes).
    Removing event_groups.o(i.xEventGroupWaitBits), (356 bytes).
    Removing cmsis_os.o(.rev16_text), (4 bytes).
    Removing cmsis_os.o(.revsh_text), (4 bytes).
    Removing cmsis_os.o(i.inHandlerMode), (16 bytes).
    Removing cmsis_os.o(i.makeCmsisPriority), (18 bytes).
    Removing cmsis_os.o(i.osAbortDelay), (6 bytes).
    Removing cmsis_os.o(i.osDelayUntil), (6 bytes).
    Removing cmsis_os.o(i.osKernelRunning), (18 bytes).
    Removing cmsis_os.o(i.osKernelSysTick), (20 bytes).
    Removing cmsis_os.o(i.osMailAlloc), (24 bytes).
    Removing cmsis_os.o(i.osMailCAlloc), (44 bytes).
    Removing cmsis_os.o(i.osMailCreate), (122 bytes).
    Removing cmsis_os.o(i.osMailFree), (22 bytes).
    Removing cmsis_os.o(i.osMailGet), (152 bytes).
    Removing cmsis_os.o(i.osMailPut), (96 bytes).
    Removing cmsis_os.o(i.osMessageAvailableSpace), (12 bytes).
    Removing cmsis_os.o(i.osMessageCreate), (18 bytes).
    Removing cmsis_os.o(i.osMessageDelete), (24 bytes).
    Removing cmsis_os.o(i.osMessageGet), (156 bytes).
    Removing cmsis_os.o(i.osMessagePeek), (88 bytes).
    Removing cmsis_os.o(i.osMessagePut), (96 bytes).
    Removing cmsis_os.o(i.osMessageWaiting), (26 bytes).
    Removing cmsis_os.o(i.osMutexCreate), (12 bytes).
    Removing cmsis_os.o(i.osMutexDelete), (24 bytes).
    Removing cmsis_os.o(i.osMutexRelease), (80 bytes).
    Removing cmsis_os.o(i.osMutexWait), (108 bytes).
    Removing cmsis_os.o(i.osPoolAlloc), (126 bytes).
    Removing cmsis_os.o(i.osPoolCAlloc), (22 bytes).
    Removing cmsis_os.o(i.osPoolCreate), (112 bytes).
    Removing cmsis_os.o(i.osPoolFree), (74 bytes).
    Removing cmsis_os.o(i.osRecursiveMutexCreate), (6 bytes).
    Removing cmsis_os.o(i.osRecursiveMutexRelease), (6 bytes).
    Removing cmsis_os.o(i.osRecursiveMutexWait), (6 bytes).
    Removing cmsis_os.o(i.osSemaphoreCreate), (44 bytes).
    Removing cmsis_os.o(i.osSemaphoreDelete), (24 bytes).
    Removing cmsis_os.o(i.osSemaphoreGetCount), (12 bytes).
    Removing cmsis_os.o(i.osSemaphoreRelease), (80 bytes).
    Removing cmsis_os.o(i.osSemaphoreWait), (108 bytes).
    Removing cmsis_os.o(i.osSignalSet), (96 bytes).
    Removing cmsis_os.o(i.osSignalWait), (98 bytes).
    Removing cmsis_os.o(i.osThreadGetId), (8 bytes).
    Removing cmsis_os.o(i.osThreadGetPriority), (38 bytes).
    Removing cmsis_os.o(i.osThreadList), (6 bytes).
    Removing cmsis_os.o(i.osThreadResume), (52 bytes).
    Removing cmsis_os.o(i.osThreadResumeAll), (18 bytes).
    Removing cmsis_os.o(i.osThreadSetPriority), (26 bytes).
    Removing cmsis_os.o(i.osThreadSuspend), (14 bytes).
    Removing cmsis_os.o(i.osThreadSuspendAll), (10 bytes).
    Removing cmsis_os.o(i.osThreadTerminate), (14 bytes).
    Removing cmsis_os.o(i.osThreadYield), (24 bytes).
    Removing cmsis_os.o(i.osTimerCreate), (6 bytes).
    Removing cmsis_os.o(i.osTimerDelete), (8 bytes).
    Removing cmsis_os.o(i.osTimerStart), (8 bytes).
    Removing cmsis_os.o(i.osTimerStop), (8 bytes).
    Removing queue.o(i.pcQueueGetName), (44 bytes).
    Removing queue.o(i.prvCopyDataFromQueue), (42 bytes).
    Removing queue.o(i.prvCopyDataToQueue), (124 bytes).
    Removing queue.o(i.prvInitialiseMutex), (28 bytes).
    Removing queue.o(i.prvInitialiseNewQueue), (38 bytes).
    Removing queue.o(i.prvIsQueueEmpty), (26 bytes).
    Removing queue.o(i.prvIsQueueFull), (30 bytes).
    Removing queue.o(i.prvUnlockQueue), (126 bytes).
    Removing queue.o(i.uxQueueMessagesWaiting), (46 bytes).
    Removing queue.o(i.uxQueueMessagesWaitingFromISR), (34 bytes).
    Removing queue.o(i.uxQueueSpacesAvailable), (52 bytes).
    Removing queue.o(i.vQueueAddToRegistry), (44 bytes).
    Removing queue.o(i.vQueueDelete), (48 bytes).
    Removing queue.o(i.vQueueUnregisterQueue), (48 bytes).
    Removing queue.o(i.xQueueCreateMutex), (34 bytes).
    Removing queue.o(i.xQueueGenericCreate), (92 bytes).
    Removing queue.o(i.xQueueGenericReceive), (464 bytes).
    Removing queue.o(i.xQueueGenericReset), (156 bytes).
    Removing queue.o(i.xQueueGenericSend), (440 bytes).
    Removing queue.o(i.xQueueGenericSendFromISR), (264 bytes).
    Removing queue.o(i.xQueueGiveFromISR), (240 bytes).
    Removing queue.o(i.xQueueIsQueueEmptyFromISR), (42 bytes).
    Removing queue.o(i.xQueueIsQueueFullFromISR), (46 bytes).
    Removing queue.o(i.xQueuePeekFromISR), (192 bytes).
    Removing queue.o(i.xQueueReceiveFromISR), (214 bytes).
    Removing queue.o(.bss), (64 bytes).
    Removing heap_4.o(i.vPortInitialiseBlocks), (2 bytes).
    Removing heap_4.o(i.xPortGetFreeHeapSize), (12 bytes).
    Removing heap_4.o(i.xPortGetMinimumEverFreeHeapSize), (12 bytes).
    Removing port.o(i.vPortEndScheduler), (52 bytes).
    Removing port.o(i.vPortValidateInterruptPriority), (128 bytes).
    Removing startup_stm32f767xx.o(HEAP), (8192 bytes).
    Removing dadd.o(.text), (334 bytes).
    Removing dmul.o(.text), (228 bytes).
    Removing ddiv.o(.text), (222 bytes).
    Removing dfixul.o(.text), (48 bytes).
    Removing cdrcmple.o(.text), (48 bytes).
    Removing depilogue.o(.text), (186 bytes).

516 unused section(s) (total 53280 bytes) removed from the image.

==============================================================================

Image Symbol Table

    Local Symbols

    Symbol Name                              Value     Ov Type        Size  Object(Section)

    ../Drivers/STM32F7xx_HAL_Driver/Src/stm32f7xx_hal.c 0x00000000   Number         0  stm32f7xx_hal.o ABSOLUTE
    ../Drivers/STM32F7xx_HAL_Driver/Src/stm32f7xx_hal_cortex.c 0x00000000   Number         0  stm32f7xx_hal_cortex.o ABSOLUTE
    ../Drivers/STM32F7xx_HAL_Driver/Src/stm32f7xx_hal_dma.c 0x00000000   Number         0  stm32f7xx_hal_dma.o ABSOLUTE
    ../Drivers/STM32F7xx_HAL_Driver/Src/stm32f7xx_hal_dma_ex.c 0x00000000   Number         0  stm32f7xx_hal_dma_ex.o ABSOLUTE
    ../Drivers/STM32F7xx_HAL_Driver/Src/stm32f7xx_hal_flash.c 0x00000000   Number         0  stm32f7xx_hal_flash.o ABSOLUTE
    ../Drivers/STM32F7xx_HAL_Driver/Src/stm32f7xx_hal_flash_ex.c 0x00000000   Number         0  stm32f7xx_hal_flash_ex.o ABSOLUTE
    ../Drivers/STM32F7xx_HAL_Driver/Src/stm32f7xx_hal_gpio.c 0x00000000   Number         0  stm32f7xx_hal_gpio.o ABSOLUTE
    ../Drivers/STM32F7xx_HAL_Driver/Src/stm32f7xx_hal_i2c.c 0x00000000   Number         0  stm32f7xx_hal_i2c.o ABSOLUTE
    ../Drivers/STM32F7xx_HAL_Driver/Src/stm32f7xx_hal_i2c_ex.c 0x00000000   Number         0  stm32f7xx_hal_i2c_ex.o ABSOLUTE
    ../Drivers/STM32F7xx_HAL_Driver/Src/stm32f7xx_hal_pwr.c 0x00000000   Number         0  stm32f7xx_hal_pwr.o ABSOLUTE
    ../Drivers/STM32F7xx_HAL_Driver/Src/stm32f7xx_hal_pwr_ex.c 0x00000000   Number         0  stm32f7xx_hal_pwr_ex.o ABSOLUTE
    ../Drivers/STM32F7xx_HAL_Driver/Src/stm32f7xx_hal_rcc.c 0x00000000   Number         0  stm32f7xx_hal_rcc.o ABSOLUTE
    ../Drivers/STM32F7xx_HAL_Driver/Src/stm32f7xx_hal_rcc_ex.c 0x00000000   Number         0  stm32f7xx_hal_rcc_ex.o ABSOLUTE
    ../Drivers/STM32F7xx_HAL_Driver/Src/stm32f7xx_hal_spi.c 0x00000000   Number         0  stm32f7xx_hal_spi.o ABSOLUTE
    ../Drivers/STM32F7xx_HAL_Driver/Src/stm32f7xx_hal_tim.c 0x00000000   Number         0  stm32f7xx_hal_tim.o ABSOLUTE
    ../Drivers/STM32F7xx_HAL_Driver/Src/stm32f7xx_hal_tim_ex.c 0x00000000   Number         0  stm32f7xx_hal_tim_ex.o ABSOLUTE
    ../Drivers/STM32F7xx_HAL_Driver/Src/stm32f7xx_hal_uart.c 0x00000000   Number         0  stm32f7xx_hal_uart.o ABSOLUTE
    ../Middlewares/Third_Party/FreeRTOS/Source/CMSIS_RTOS/cmsis_os.c 0x00000000   Number         0  cmsis_os.o ABSOLUTE
    ../Middlewares/Third_Party/FreeRTOS/Source/croutine.c 0x00000000   Number         0  croutine.o ABSOLUTE
    ../Middlewares/Third_Party/FreeRTOS/Source/event_groups.c 0x00000000   Number         0  event_groups.o ABSOLUTE
    ../Middlewares/Third_Party/FreeRTOS/Source/list.c 0x00000000   Number         0  list.o ABSOLUTE
    ../Middlewares/Third_Party/FreeRTOS/Source/portable/MemMang/heap_4.c 0x00000000   Number         0  heap_4.o ABSOLUTE
    ../Middlewares/Third_Party/FreeRTOS/Source/portable/RVDS/ARM_CM7/r0p1/port.c 0x00000000   Number         0  port.o ABSOLUTE
    ../Middlewares/Third_Party/FreeRTOS/Source/queue.c 0x00000000   Number         0  queue.o ABSOLUTE
    ../Middlewares/Third_Party/FreeRTOS/Source/tasks.c 0x00000000   Number         0  tasks.o ABSOLUTE
    ../Middlewares/Third_Party/FreeRTOS/Source/timers.c 0x00000000   Number         0  timers.o ABSOLUTE
    ../Src/freertos.c                        0x00000000   Number         0  freertos.o ABSOLUTE
    ../Src/main.c                            0x00000000   Number         0  main.o ABSOLUTE
    ../Src/stm32f7xx_hal_msp.c               0x00000000   Number         0  stm32f7xx_hal_msp.o ABSOLUTE
    ../Src/stm32f7xx_it.c                    0x00000000   Number         0  stm32f7xx_it.o ABSOLUTE
    ../Src/system_stm32f7xx.c                0x00000000   Number         0  system_stm32f7xx.o ABSOLUTE
    ../clib/microlib/division.c              0x00000000   Number         0  uidiv.o ABSOLUTE
    ../clib/microlib/division.c              0x00000000   Number         0  uldiv.o ABSOLUTE
    ../clib/microlib/init/entry.s            0x00000000   Number         0  entry10b.o ABSOLUTE
    ../clib/microlib/init/entry.s            0x00000000   Number         0  entry8b.o ABSOLUTE
    ../clib/microlib/init/entry.s            0x00000000   Number         0  entry.o ABSOLUTE
    ../clib/microlib/init/entry.s            0x00000000   Number         0  entry8a.o ABSOLUTE
    ../clib/microlib/init/entry.s            0x00000000   Number         0  entry2.o ABSOLUTE
    ../clib/microlib/init/entry.s            0x00000000   Number         0  entry7b.o ABSOLUTE
    ../clib/microlib/init/entry.s            0x00000000   Number         0  entry11b.o ABSOLUTE
    ../clib/microlib/init/entry.s            0x00000000   Number         0  entry7a.o ABSOLUTE
    ../clib/microlib/init/entry.s            0x00000000   Number         0  entry10a.o ABSOLUTE
    ../clib/microlib/init/entry.s            0x00000000   Number         0  entry9b.o ABSOLUTE
    ../clib/microlib/init/entry.s            0x00000000   Number         0  entry5.o ABSOLUTE
    ../clib/microlib/init/entry.s            0x00000000   Number         0  entry9a.o ABSOLUTE
    ../clib/microlib/init/entry.s            0x00000000   Number         0  entry11a.o ABSOLUTE
    ../clib/microlib/longlong.c              0x00000000   Number         0  llshl.o ABSOLUTE
    ../clib/microlib/longlong.c              0x00000000   Number         0  llushr.o ABSOLUTE
    ../clib/microlib/longlong.c              0x00000000   Number         0  llsshr.o ABSOLUTE
    ../clib/microlib/printf/printf.c         0x00000000   Number         0  printf7.o ABSOLUTE
    ../clib/microlib/printf/printf.c         0x00000000   Number         0  printf8.o ABSOLUTE
    ../clib/microlib/printf/printf.c         0x00000000   Number         0  printfa.o ABSOLUTE
    ../clib/microlib/printf/printf.c         0x00000000   Number         0  printf1.o ABSOLUTE
    ../clib/microlib/printf/printf.c         0x00000000   Number         0  printfb.o ABSOLUTE
    ../clib/microlib/printf/printf.c         0x00000000   Number         0  printf0.o ABSOLUTE
    ../clib/microlib/printf/printf.c         0x00000000   Number         0  printf2.o ABSOLUTE
    ../clib/microlib/printf/printf.c         0x00000000   Number         0  printf3.o ABSOLUTE
    ../clib/microlib/printf/printf.c         0x00000000   Number         0  printf4.o ABSOLUTE
    ../clib/microlib/printf/printf.c         0x00000000   Number         0  printf5.o ABSOLUTE
    ../clib/microlib/printf/printf.c         0x00000000   Number         0  printf6.o ABSOLUTE
    ../clib/microlib/printf/stubs.s          0x00000000   Number         0  stubs.o ABSOLUTE
    ../clib/microlib/stdio/fputc.c           0x00000000   Number         0  fputc.o ABSOLUTE
    ../clib/microlib/stdio/semi.s            0x00000000   Number         0  semi.o ABSOLUTE
    ../clib/microlib/stdio/streams.c         0x00000000   Number         0  stdout.o ABSOLUTE
    ../clib/microlib/string/memcpy.c         0x00000000   Number         0  memcpya.o ABSOLUTE
    ../clib/microlib/string/memcpy.c         0x00000000   Number         0  memcpyb.o ABSOLUTE
    ../clib/microlib/string/memset.c         0x00000000   Number         0  memseta.o ABSOLUTE
    ../clib/microlib/string/strlen.c         0x00000000   Number         0  strlen.o ABSOLUTE
    ../clib/microlib/string/strncat.c        0x00000000   Number         0  strncat.o ABSOLUTE
    ../clib/microlib/string/strncmp.c        0x00000000   Number         0  strncmp.o ABSOLUTE
    ../clib/microlib/string/strncpy.c        0x00000000   Number         0  strncpy.o ABSOLUTE
    ../clib/microlib/stubs.s                 0x00000000   Number         0  iusefp.o ABSOLUTE
    ../clib/microlib/stubs.s                 0x00000000   Number         0  iusesemip.o ABSOLUTE
    ../fplib/microlib/fpadd.c                0x00000000   Number         0  dadd.o ABSOLUTE
    ../fplib/microlib/fpdiv.c                0x00000000   Number         0  ddiv.o ABSOLUTE
    ../fplib/microlib/fpepilogue.c           0x00000000   Number         0  depilogue.o ABSOLUTE
    ../fplib/microlib/fpfix.c                0x00000000   Number         0  dfixul.o ABSOLUTE
    ../fplib/microlib/fpmul.c                0x00000000   Number         0  dmul.o ABSOLUTE
    ..\CLI\CLI-commands.c                    0x00000000   Number         0  cli-commands.o ABSOLUTE
    ..\CLI\FreeRTOS_CLI.c                    0x00000000   Number         0  freertos_cli.o ABSOLUTE
    ..\CLI\UART-interrupt-driven-command-console.c 0x00000000   Number         0  uart-interrupt-driven-command-console.o ABSOLUTE
    ..\Drivers\STM32F7xx_HAL_Driver\Src\stm32f7xx_hal.c 0x00000000   Number         0  stm32f7xx_hal.o ABSOLUTE
    ..\Drivers\STM32F7xx_HAL_Driver\Src\stm32f7xx_hal_cortex.c 0x00000000   Number         0  stm32f7xx_hal_cortex.o ABSOLUTE
    ..\Drivers\STM32F7xx_HAL_Driver\Src\stm32f7xx_hal_dma.c 0x00000000   Number         0  stm32f7xx_hal_dma.o ABSOLUTE
    ..\Drivers\STM32F7xx_HAL_Driver\Src\stm32f7xx_hal_dma_ex.c 0x00000000   Number         0  stm32f7xx_hal_dma_ex.o ABSOLUTE
    ..\Drivers\STM32F7xx_HAL_Driver\Src\stm32f7xx_hal_flash.c 0x00000000   Number         0  stm32f7xx_hal_flash.o ABSOLUTE
    ..\Drivers\STM32F7xx_HAL_Driver\Src\stm32f7xx_hal_flash_ex.c 0x00000000   Number         0  stm32f7xx_hal_flash_ex.o ABSOLUTE
    ..\Drivers\STM32F7xx_HAL_Driver\Src\stm32f7xx_hal_gpio.c 0x00000000   Number         0  stm32f7xx_hal_gpio.o ABSOLUTE
    ..\Drivers\STM32F7xx_HAL_Driver\Src\stm32f7xx_hal_i2c.c 0x00000000   Number         0  stm32f7xx_hal_i2c.o ABSOLUTE
    ..\Drivers\STM32F7xx_HAL_Driver\Src\stm32f7xx_hal_i2c_ex.c 0x00000000   Number         0  stm32f7xx_hal_i2c_ex.o ABSOLUTE
    ..\Drivers\STM32F7xx_HAL_Driver\Src\stm32f7xx_hal_pwr.c 0x00000000   Number         0  stm32f7xx_hal_pwr.o ABSOLUTE
    ..\Drivers\STM32F7xx_HAL_Driver\Src\stm32f7xx_hal_pwr_ex.c 0x00000000   Number         0  stm32f7xx_hal_pwr_ex.o ABSOLUTE
    ..\Drivers\STM32F7xx_HAL_Driver\Src\stm32f7xx_hal_rcc.c 0x00000000   Number         0  stm32f7xx_hal_rcc.o ABSOLUTE
    ..\Drivers\STM32F7xx_HAL_Driver\Src\stm32f7xx_hal_rcc_ex.c 0x00000000   Number         0  stm32f7xx_hal_rcc_ex.o ABSOLUTE
    ..\Drivers\STM32F7xx_HAL_Driver\Src\stm32f7xx_hal_spi.c 0x00000000   Number         0  stm32f7xx_hal_spi.o ABSOLUTE
    ..\Drivers\STM32F7xx_HAL_Driver\Src\stm32f7xx_hal_tim.c 0x00000000   Number         0  stm32f7xx_hal_tim.o ABSOLUTE
    ..\Drivers\STM32F7xx_HAL_Driver\Src\stm32f7xx_hal_tim_ex.c 0x00000000   Number         0  stm32f7xx_hal_tim_ex.o ABSOLUTE
    ..\Drivers\STM32F7xx_HAL_Driver\Src\stm32f7xx_hal_uart.c 0x00000000   Number         0  stm32f7xx_hal_uart.o ABSOLUTE
    ..\Middlewares\Third_Party\FreeRTOS\Source\CMSIS_RTOS\cmsis_os.c 0x00000000   Number         0  cmsis_os.o ABSOLUTE
    ..\Middlewares\Third_Party\FreeRTOS\Source\portable\RVDS\ARM_CM7\r0p1\port.c 0x00000000   Number         0  port.o ABSOLUTE
    ..\Src\m2_modem.c                        0x00000000   Number         0  m2_modem.o ABSOLUTE
    ..\Src\main.c                            0x00000000   Number         0  main.o ABSOLUTE
    ..\Src\stm32f7xx_hal_msp.c               0x00000000   Number         0  stm32f7xx_hal_msp.o ABSOLUTE
    ..\Src\stm32f7xx_it.c                    0x00000000   Number         0  stm32f7xx_it.o ABSOLUTE
    ..\Src\system_stm32f7xx.c                0x00000000   Number         0  system_stm32f7xx.o ABSOLUTE
    ..\\CLI\\CLI-commands.c                  0x00000000   Number         0  cli-commands.o ABSOLUTE
    ..\\CLI\\FreeRTOS_CLI.c                  0x00000000   Number         0  freertos_cli.o ABSOLUTE
    ..\\CLI\\UART-interrupt-driven-command-console.c 0x00000000   Number         0  uart-interrupt-driven-command-console.o ABSOLUTE
    ..\\Src\\m2_modem.c                      0x00000000   Number         0  m2_modem.o ABSOLUTE
    cdrcmple.s                               0x00000000   Number         0  cdrcmple.o ABSOLUTE
    dc.s                                     0x00000000   Number         0  dc.o ABSOLUTE
    handlers.s                               0x00000000   Number         0  handlers.o ABSOLUTE
    init.s                                   0x00000000   Number         0  init.o ABSOLUTE
    startup_stm32f767xx.s                    0x00000000   Number         0  startup_stm32f767xx.o ABSOLUTE
    RESET                                    0x08000000   Section      504  startup_stm32f767xx.o(RESET)
    .ARM.Collect$$$$00000000                 0x080001f8   Section        0  entry.o(.ARM.Collect$$$$00000000)
    .ARM.Collect$$$$00000001                 0x080001f8   Section        4  entry2.o(.ARM.Collect$$$$00000001)
    .ARM.Collect$$$$00000004                 0x080001fc   Section        4  entry5.o(.ARM.Collect$$$$00000004)
    .ARM.Collect$$$$00000008                 0x08000200   Section        0  entry7b.o(.ARM.Collect$$$$00000008)
    .ARM.Collect$$$$0000000A                 0x08000200   Section        0  entry8b.o(.ARM.Collect$$$$0000000A)
    .ARM.Collect$$$$0000000B                 0x08000200   Section        8  entry9a.o(.ARM.Collect$$$$0000000B)
    .ARM.Collect$$$$0000000D                 0x08000208   Section        0  entry10a.o(.ARM.Collect$$$$0000000D)
    .ARM.Collect$$$$0000000F                 0x08000208   Section        0  entry11a.o(.ARM.Collect$$$$0000000F)
    .ARM.Collect$$$$00002712                 0x08000208   Section        4  entry2.o(.ARM.Collect$$$$00002712)
    __lit__00000000                          0x08000208   Data           4  entry2.o(.ARM.Collect$$$$00002712)
    .emb_text                                0x0800020c   Section      186  port.o(.emb_text)
    $v0                                      0x0800020c   Number         0  port.o(.emb_text)
    .text                                    0x080002c8   Section       36  startup_stm32f767xx.o(.text)
    $v0                                      0x080002c8   Number         0  startup_stm32f767xx.o(.text)
    .text                                    0x080002ec   Section        0  memcpya.o(.text)
    .text                                    0x08000310   Section        0  memseta.o(.text)
    .text                                    0x08000334   Section        0  strncpy.o(.text)
    .text                                    0x0800034c   Section        0  strlen.o(.text)
    .text                                    0x0800035a   Section        0  strncat.o(.text)
    .text                                    0x08000382   Section        0  strncmp.o(.text)
    .text                                    0x080003a0   Section        0  uidiv.o(.text)
    .text                                    0x080003cc   Section       36  init.o(.text)
    i.Cmd_UART_Rx                            0x080003f0   Section        0  uart-interrupt-driven-command-console.o(i.Cmd_UART_Rx)
    i.Cmd_UART_Tx                            0x08000430   Section        0  uart-interrupt-driven-command-console.o(i.Cmd_UART_Tx)
    i.FreeRTOS_CLIGetOutputBuffer            0x08000460   Section        0  freertos_cli.o(i.FreeRTOS_CLIGetOutputBuffer)
    i.FreeRTOS_CLIGetParameter               0x08000468   Section        0  freertos_cli.o(i.FreeRTOS_CLIGetParameter)
    i.FreeRTOS_CLIProcessCommand             0x080004c4   Section        0  freertos_cli.o(i.FreeRTOS_CLIProcessCommand)
    i.FreeRTOS_CLIRegisterCommand            0x0800059c   Section        0  freertos_cli.o(i.FreeRTOS_CLIRegisterCommand)
    i.HAL_GPIO_Init                          0x08000608   Section        0  stm32f7xx_hal_gpio.o(i.HAL_GPIO_Init)
    i.HAL_GPIO_WritePin                      0x08000820   Section        0  stm32f7xx_hal_gpio.o(i.HAL_GPIO_WritePin)
    i.HAL_GetTick                            0x0800082c   Section        0  stm32f7xx_hal.o(i.HAL_GetTick)
    i.HAL_IncTick                            0x08000838   Section        0  stm32f7xx_hal.o(i.HAL_IncTick)
    i.HAL_Init                               0x08000848   Section        0  stm32f7xx_hal.o(i.HAL_Init)
    i.HAL_InitTick                           0x08000860   Section        0  stm32f7xx_hal.o(i.HAL_InitTick)
    i.HAL_MspInit                            0x08000888   Section        0  stm32f7xx_hal_msp.o(i.HAL_MspInit)
    i.HAL_NVIC_EnableIRQ                     0x080008de   Section        0  stm32f7xx_hal_cortex.o(i.HAL_NVIC_EnableIRQ)
    i.HAL_NVIC_SetPriority                   0x080008f8   Section        0  stm32f7xx_hal_cortex.o(i.HAL_NVIC_SetPriority)
    i.HAL_NVIC_SetPriorityGrouping           0x08000974   Section        0  stm32f7xx_hal_cortex.o(i.HAL_NVIC_SetPriorityGrouping)
    i.HAL_RCCEx_PeriphCLKConfig              0x0800099c   Section        0  stm32f7xx_hal_rcc_ex.o(i.HAL_RCCEx_PeriphCLKConfig)
    i.HAL_RCC_ClockConfig                    0x080010f4   Section        0  stm32f7xx_hal_rcc.o(i.HAL_RCC_ClockConfig)
    i.HAL_RCC_GetHCLKFreq                    0x08001258   Section        0  stm32f7xx_hal_rcc.o(i.HAL_RCC_GetHCLKFreq)
    i.HAL_RCC_GetPCLK1Freq                   0x08001264   Section        0  stm32f7xx_hal_rcc.o(i.HAL_RCC_GetPCLK1Freq)
    i.HAL_RCC_GetPCLK2Freq                   0x08001284   Section        0  stm32f7xx_hal_rcc.o(i.HAL_RCC_GetPCLK2Freq)
    i.HAL_RCC_GetSysClockFreq                0x080012a4   Section        0  stm32f7xx_hal_rcc.o(i.HAL_RCC_GetSysClockFreq)
    i.HAL_RCC_OscConfig                      0x08001330   Section        0  stm32f7xx_hal_rcc.o(i.HAL_RCC_OscConfig)
    i.HAL_SPI_Init                           0x080017e8   Section        0  stm32f7xx_hal_spi.o(i.HAL_SPI_Init)
    i.HAL_SPI_MspInit                        0x080018b4   Section        0  stm32f7xx_hal_msp.o(i.HAL_SPI_MspInit)
    i.HAL_SPI_Receive                        0x0800192c   Section        0  stm32f7xx_hal_spi.o(i.HAL_SPI_Receive)
    i.HAL_SPI_Transmit                       0x08001aba   Section        0  stm32f7xx_hal_spi.o(i.HAL_SPI_Transmit)
    i.HAL_SPI_TransmitReceive                0x08001c2c   Section        0  stm32f7xx_hal_spi.o(i.HAL_SPI_TransmitReceive)
    i.HAL_SYSTICK_CLKSourceConfig            0x08001e9e   Section        0  stm32f7xx_hal_cortex.o(i.HAL_SYSTICK_CLKSourceConfig)
    i.HAL_SYSTICK_Config                     0x08001ec6   Section        0  stm32f7xx_hal_cortex.o(i.HAL_SYSTICK_Config)
    i.HAL_UART_Init                          0x08001efa   Section        0  stm32f7xx_hal_uart.o(i.HAL_UART_Init)
    i.HAL_UART_MspInit                       0x08001f74   Section        0  stm32f7xx_hal_msp.o(i.HAL_UART_MspInit)
    i.M2_Modem_ReceiveBuf                    0x08001ff8   Section        0  m2_modem.o(i.M2_Modem_ReceiveBuf)
    i.M2_Modem_SelectDevice                  0x08002058   Section        0  m2_modem.o(i.M2_Modem_SelectDevice)
    i.M2_Modem_SendBuf                       0x08002094   Section        0  m2_modem.o(i.M2_Modem_SendBuf)
    i.MX_GPIO_Init                           0x080020f0   Section        0  main.o(i.MX_GPIO_Init)
    MX_GPIO_Init                             0x080020f1   Thumb Code   520  main.o(i.MX_GPIO_Init)
    i.MX_SPI1_Init                           0x08002314   Section        0  main.o(i.MX_SPI1_Init)
    MX_SPI1_Init                             0x08002315   Thumb Code    78  main.o(i.MX_SPI1_Init)
    i.MX_USART1_UART_Init                    0x0800237c   Section        0  main.o(i.MX_USART1_UART_Init)
    MX_USART1_UART_Init                      0x0800237d   Thumb Code    62  main.o(i.MX_USART1_UART_Init)
    i.NVIC_GetPriorityGrouping               0x080023d4   Section        0  stm32f7xx_hal_cortex.o(i.NVIC_GetPriorityGrouping)
    NVIC_GetPriorityGrouping                 0x080023d5   Thumb Code    10  stm32f7xx_hal_cortex.o(i.NVIC_GetPriorityGrouping)
    i.NVIC_SetPriority                       0x080023e4   Section        0  stm32f7xx_hal_cortex.o(i.NVIC_SetPriority)
    NVIC_SetPriority                         0x080023e5   Thumb Code    32  stm32f7xx_hal_cortex.o(i.NVIC_SetPriority)
    i.SPI_EndRxTransaction                   0x0800240c   Section        0  stm32f7xx_hal_spi.o(i.SPI_EndRxTransaction)
    SPI_EndRxTransaction                     0x0800240d   Thumb Code   130  stm32f7xx_hal_spi.o(i.SPI_EndRxTransaction)
    i.SPI_EndRxTxTransaction                 0x0800248e   Section        0  stm32f7xx_hal_spi.o(i.SPI_EndRxTxTransaction)
    SPI_EndRxTxTransaction                   0x0800248f   Thumb Code   100  stm32f7xx_hal_spi.o(i.SPI_EndRxTxTransaction)
    i.SPI_WaitFifoStateUntilTimeout          0x080024f2   Section        0  stm32f7xx_hal_spi.o(i.SPI_WaitFifoStateUntilTimeout)
    SPI_WaitFifoStateUntilTimeout            0x080024f3   Thumb Code   178  stm32f7xx_hal_spi.o(i.SPI_WaitFifoStateUntilTimeout)
    i.SPI_WaitFlagStateUntilTimeout          0x080025a4   Section        0  stm32f7xx_hal_spi.o(i.SPI_WaitFlagStateUntilTimeout)
    SPI_WaitFlagStateUntilTimeout            0x080025a5   Thumb Code   160  stm32f7xx_hal_spi.o(i.SPI_WaitFlagStateUntilTimeout)
    i.StartDefaultTask                       0x08002644   Section        0  main.o(i.StartDefaultTask)
    i.SysTick_Handler                        0x080026b4   Section        0  stm32f7xx_it.o(i.SysTick_Handler)
    i.SystemClock_Config                     0x080026c0   Section        0  main.o(i.SystemClock_Config)
    i.SystemInit                             0x0800279c   Section        0  system_stm32f7xx.o(i.SystemInit)
    i.UART_AdvFeatureConfig                  0x08002800   Section        0  stm32f7xx_hal_uart.o(i.UART_AdvFeatureConfig)
    i.UART_CheckIdleState                    0x080028ea   Section        0  stm32f7xx_hal_uart.o(i.UART_CheckIdleState)
    i.UART_SetConfig                         0x08002938   Section        0  stm32f7xx_hal_uart.o(i.UART_SetConfig)
    i.UART_WaitOnFlagUntilTimeout            0x08002cc4   Section        0  stm32f7xx_hal_uart.o(i.UART_WaitOnFlagUntilTimeout)
    i.USART1_IRQHandler                      0x08002d30   Section        0  stm32f7xx_it.o(i.USART1_IRQHandler)
    i._Error_Handler                         0x08002d4c   Section        0  main.o(i._Error_Handler)
    i.__0sprintf$1                           0x08002d50   Section        0  printf1.o(i.__0sprintf$1)
    i.__scatterload_copy                     0x08002d78   Section       14  handlers.o(i.__scatterload_copy)
    i.__scatterload_null                     0x08002d86   Section        2  handlers.o(i.__scatterload_null)
    i.__scatterload_zeroinit                 0x08002d88   Section       14  handlers.o(i.__scatterload_zeroinit)
    i._printf_core                           0x08002d98   Section        0  printf1.o(i._printf_core)
    _printf_core                             0x08002d99   Thumb Code   336  printf1.o(i._printf_core)
    i._sputc                                 0x08002eec   Section        0  printf1.o(i._sputc)
    _sputc                                   0x08002eed   Thumb Code    10  printf1.o(i._sputc)
    i.crc16_CCITT                            0x08002ef6   Section        0  m2_modem.o(i.crc16_CCITT)
    i.delay_us                               0x08002f28   Section        0  m2_modem.o(i.delay_us)
    delay_us                                 0x08002f29   Thumb Code    12  m2_modem.o(i.delay_us)
    i.main                                   0x08002f34   Section        0  main.o(i.main)
    i.makeFreeRtosPriority                   0x08002f74   Section        0  cmsis_os.o(i.makeFreeRtosPriority)
    makeFreeRtosPriority                     0x08002f75   Thumb Code    14  cmsis_os.o(i.makeFreeRtosPriority)
    i.osDelay                                0x08002f82   Section        0  cmsis_os.o(i.osDelay)
    i.osKernelStart                          0x08002f9a   Section        0  cmsis_os.o(i.osKernelStart)
    i.osSystickHandler                       0x08002fa4   Section        0  cmsis_os.o(i.osSystickHandler)
    i.osThreadCreate                         0x08002fb4   Section        0  cmsis_os.o(i.osThreadCreate)
    i.prvAddCurrentTaskToDelayedList         0x08002fe4   Section        0  tasks.o(i.prvAddCurrentTaskToDelayedList)
    prvAddCurrentTaskToDelayedList           0x08002fe5   Thumb Code   124  tasks.o(i.prvAddCurrentTaskToDelayedList)
    i.prvAddNewTaskToReadyList               0x0800307c   Section        0  tasks.o(i.prvAddNewTaskToReadyList)
    prvAddNewTaskToReadyList                 0x0800307d   Thumb Code   150  tasks.o(i.prvAddNewTaskToReadyList)
    i.prvCheckTasksWaitingTermination        0x08003130   Section        0  tasks.o(i.prvCheckTasksWaitingTermination)
    prvCheckTasksWaitingTermination          0x08003131   Thumb Code    86  tasks.o(i.prvCheckTasksWaitingTermination)
    i.prvDeleteTCB                           0x08003194   Section        0  tasks.o(i.prvDeleteTCB)
    prvDeleteTCB                             0x08003195   Thumb Code    18  tasks.o(i.prvDeleteTCB)
    i.prvGetNumberOfParameters               0x080031a6   Section        0  freertos_cli.o(i.prvGetNumberOfParameters)
    prvGetNumberOfParameters                 0x080031a7   Thumb Code    46  freertos_cli.o(i.prvGetNumberOfParameters)
    i.prvHeapInit                            0x080031d4   Section        0  heap_4.o(i.prvHeapInit)
    prvHeapInit                              0x080031d5   Thumb Code    98  heap_4.o(i.prvHeapInit)
    i.prvHelpCommand                         0x08003250   Section        0  freertos_cli.o(i.prvHelpCommand)
    prvHelpCommand                           0x08003251   Thumb Code    66  freertos_cli.o(i.prvHelpCommand)
    i.prvIdleTask                            0x0800329c   Section        0  tasks.o(i.prvIdleTask)
    prvIdleTask                              0x0800329d   Thumb Code    32  tasks.o(i.prvIdleTask)
    i.prvInitialiseNewTask                   0x080032c4   Section        0  tasks.o(i.prvInitialiseNewTask)
    prvInitialiseNewTask                     0x080032c5   Thumb Code   174  tasks.o(i.prvInitialiseNewTask)
    i.prvInitialiseTaskLists                 0x08003374   Section        0  tasks.o(i.prvInitialiseTaskLists)
    prvInitialiseTaskLists                   0x08003375   Thumb Code    70  tasks.o(i.prvInitialiseTaskLists)
    i.prvInsertBlockIntoFreeList             0x080033dc   Section        0  heap_4.o(i.prvInsertBlockIntoFreeList)
    prvInsertBlockIntoFreeList               0x080033dd   Thumb Code    96  heap_4.o(i.prvInsertBlockIntoFreeList)
    i.prvM2SendWord                          0x08003444   Section        0  cli-commands.o(i.prvM2SendWord)
    prvM2SendWord                            0x08003445   Thumb Code   158  cli-commands.o(i.prvM2SendWord)
    i.prvMultiParameterEchoCommand           0x08003514   Section        0  cli-commands.o(i.prvMultiParameterEchoCommand)
    prvMultiParameterEchoCommand             0x08003515   Thumb Code   148  cli-commands.o(i.prvMultiParameterEchoCommand)
    i.prvResetNextTaskUnblockTime            0x080035cc   Section        0  tasks.o(i.prvResetNextTaskUnblockTime)
    prvResetNextTaskUnblockTime              0x080035cd   Thumb Code    42  tasks.o(i.prvResetNextTaskUnblockTime)
    i.prvTaskExitError                       0x08003600   Section        0  port.o(i.prvTaskExitError)
    prvTaskExitError                         0x08003601   Thumb Code    68  port.o(i.prvTaskExitError)
    i.prvThreeParameterEchoCommand           0x08003648   Section        0  cli-commands.o(i.prvThreeParameterEchoCommand)
    prvThreeParameterEchoCommand             0x08003649   Thumb Code   180  cli-commands.o(i.prvThreeParameterEchoCommand)
    i.prvUARTCommandConsoleTask              0x0800372c   Section        0  uart-interrupt-driven-command-console.o(i.prvUARTCommandConsoleTask)
    prvUARTCommandConsoleTask                0x0800372d   Thumb Code   290  uart-interrupt-driven-command-console.o(i.prvUARTCommandConsoleTask)
    i.pvPortMalloc                           0x0800386c   Section        0  heap_4.o(i.pvPortMalloc)
    i.pxPortInitialiseStack                  0x080039b4   Section        0  port.o(i.pxPortInitialiseStack)
    i.uxListRemove                           0x080039e0   Section        0  list.o(i.uxListRemove)
    i.vListInitialise                        0x08003a08   Section        0  list.o(i.vListInitialise)
    i.vListInitialiseItem                    0x08003a22   Section        0  list.o(i.vListInitialiseItem)
    i.vListInsert                            0x08003a28   Section        0  list.o(i.vListInsert)
    i.vListInsertEnd                         0x08003a5c   Section        0  list.o(i.vListInsertEnd)
    i.vPortEnterCritical                     0x08003a74   Section        0  port.o(i.vPortEnterCritical)
    i.vPortExitCritical                      0x08003ad0   Section        0  port.o(i.vPortExitCritical)
    i.vPortFree                              0x08003b10   Section        0  heap_4.o(i.vPortFree)
    i.vPortSetupTimerInterrupt               0x08003bac   Section        0  port.o(i.vPortSetupTimerInterrupt)
    i.vRegisterCLICommands                   0x08003bcc   Section        0  cli-commands.o(i.vRegisterCLICommands)
    i.vTaskDelay                             0x08003bf0   Section        0  tasks.o(i.vTaskDelay)
    i.vTaskStartScheduler                    0x08003c50   Section        0  tasks.o(i.vTaskStartScheduler)
    i.vTaskSuspendAll                        0x08003ce0   Section        0  tasks.o(i.vTaskSuspendAll)
    i.vTaskSwitchContext                     0x08003cf0   Section        0  tasks.o(i.vTaskSwitchContext)
    i.vUARTCommandConsoleStart               0x08003d80   Section        0  uart-interrupt-driven-command-console.o(i.vUARTCommandConsoleStart)
    i.xPortStartScheduler                    0x08003dc0   Section        0  port.o(i.xPortStartScheduler)
    i.xPortSysTickHandler                    0x08003ea8   Section        0  port.o(i.xPortSysTickHandler)
    i.xTaskCreate                            0x08003ee0   Section        0  tasks.o(i.xTaskCreate)
    i.xTaskGetSchedulerState                 0x08003f40   Section        0  tasks.o(i.xTaskGetSchedulerState)
    i.xTaskIncrementTick                     0x08003f60   Section        0  tasks.o(i.xTaskIncrementTick)
    i.xTaskResumeAll                         0x080040ac   Section        0  tasks.o(i.xTaskResumeAll)
    .constdata                               0x080041b4   Section       24  system_stm32f7xx.o(.constdata)
    .constdata                               0x080041cc   Section       20  main.o(.constdata)
    .constdata                               0x080041e0   Section       48  cli-commands.o(.constdata)
    prvThreeParameterEchoCommandDefinition   0x080041e0   Data          16  cli-commands.o(.constdata)
    prvMultiParameterEchoCommandDefinition   0x080041f0   Data          16  cli-commands.o(.constdata)
    prvM2SendWordDefinition                  0x08004200   Data          16  cli-commands.o(.constdata)
    .constdata                               0x08004210   Section       32  uart-interrupt-driven-command-console.o(.constdata)
    pcWelcomeMessage                         0x08004210   Data           4  uart-interrupt-driven-command-console.o(.constdata)
    pcNewLine                                0x08004214   Data           4  uart-interrupt-driven-command-console.o(.constdata)
    pcEndOfCommandOutputString               0x08004218   Data           4  uart-interrupt-driven-command-console.o(.constdata)
    .constdata                               0x08004230   Section       16  freertos_cli.o(.constdata)
    xHelpCommand                             0x08004230   Data          16  freertos_cli.o(.constdata)
    .conststring                             0x08004240   Section       12  main.o(.conststring)
    .conststring                             0x0800424c   Section      276  cli-commands.o(.conststring)
    .conststring                             0x08004360   Section      156  uart-interrupt-driven-command-console.o(.conststring)
    .conststring                             0x080043fc   Section      221  freertos_cli.o(.conststring)
    .data                                    0x20000000   Section        4  stm32f7xx_hal.o(.data)
    .data                                    0x20000004   Section        4  system_stm32f7xx.o(.data)
    .data                                    0x20000008   Section       56  main.o(.data)
    .data                                    0x20000040   Section       12  cli-commands.o(.data)
    xParameterNumber                         0x20000040   Data           4  cli-commands.o(.data)
    xParameterNumber                         0x20000044   Data           4  cli-commands.o(.data)
    xParameterNumber                         0x20000048   Data           4  cli-commands.o(.data)
    .data                                    0x2000004c   Section        8  uart-interrupt-driven-command-console.o(.data)
    xCommandConsoleTask                      0x2000004c   Data           4  uart-interrupt-driven-command-console.o(.data)
    .data                                    0x20000054   Section       20  freertos_cli.o(.data)
    xRegisteredCommands                      0x20000054   Data           8  freertos_cli.o(.data)
    pxLastCommandInList                      0x2000005c   Data           4  freertos_cli.o(.data)
    pxCommand                                0x20000060   Data           4  freertos_cli.o(.data)
    pxCommand                                0x20000064   Data           4  freertos_cli.o(.data)
    .data                                    0x20000068   Section       60  tasks.o(.data)
    pxDelayedTaskList                        0x2000006c   Data           4  tasks.o(.data)
    pxOverflowDelayedTaskList                0x20000070   Data           4  tasks.o(.data)
    uxDeletedTasksWaitingCleanUp             0x20000074   Data           4  tasks.o(.data)
    uxCurrentNumberOfTasks                   0x20000078   Data           4  tasks.o(.data)
    xTickCount                               0x2000007c   Data           4  tasks.o(.data)
    uxTopReadyPriority                       0x20000080   Data           4  tasks.o(.data)
    xSchedulerRunning                        0x20000084   Data           4  tasks.o(.data)
    uxPendedTicks                            0x20000088   Data           4  tasks.o(.data)
    xYieldPending                            0x2000008c   Data           4  tasks.o(.data)
    xNumOfOverflows                          0x20000090   Data           4  tasks.o(.data)
    uxTaskNumber                             0x20000094   Data           4  tasks.o(.data)
    xNextTaskUnblockTime                     0x20000098   Data           4  tasks.o(.data)
    xIdleTaskHandle                          0x2000009c   Data           4  tasks.o(.data)
    uxSchedulerSuspended                     0x200000a0   Data           4  tasks.o(.data)
    .data                                    0x200000a4   Section       24  heap_4.o(.data)
    xStart                                   0x200000a4   Data           8  heap_4.o(.data)
    pxEnd                                    0x200000ac   Data           4  heap_4.o(.data)
    xFreeBytesRemaining                      0x200000b0   Data           4  heap_4.o(.data)
    xMinimumEverFreeBytesRemaining           0x200000b4   Data           4  heap_4.o(.data)
    xBlockAllocatedBit                       0x200000b8   Data           4  heap_4.o(.data)
    .data                                    0x200000bc   Section       12  port.o(.data)
    uxCriticalNesting                        0x200000bc   Data           4  port.o(.data)
    ucMaxSysCallPriority                     0x200000c0   Data           1  port.o(.data)
    ulMaxPRIGROUPValue                       0x200000c4   Data           4  port.o(.data)
    .bss                                     0x200000c8   Section      287  main.o(.bss)
    .bss                                     0x200001e8   Section      464  uart-interrupt-driven-command-console.o(.bss)
    cInputString                             0x200002f0   Data         100  uart-interrupt-driven-command-console.o(.bss)
    cLastInputString                         0x20000354   Data         100  uart-interrupt-driven-command-console.o(.bss)
    .bss                                     0x200003b8   Section     1024  freertos_cli.o(.bss)
    cOutputBuffer                            0x200003b8   Data        1024  freertos_cli.o(.bss)
    .bss                                     0x200007b8   Section      240  tasks.o(.bss)
    pxReadyTasksLists                        0x200007b8   Data         140  tasks.o(.bss)
    xDelayedTaskList1                        0x20000844   Data          20  tasks.o(.bss)
    xDelayedTaskList2                        0x20000858   Data          20  tasks.o(.bss)
    xPendingReadyList                        0x2000086c   Data          20  tasks.o(.bss)
    xTasksWaitingTermination                 0x20000880   Data          20  tasks.o(.bss)
    xSuspendedTaskList                       0x20000894   Data          20  tasks.o(.bss)
    .bss                                     0x200008a8   Section    15360  heap_4.o(.bss)
    ucHeap                                   0x200008a8   Data       15360  heap_4.o(.bss)
    STACK                                    0x200044a8   Section    16384  startup_stm32f767xx.o(STACK)

    Global Symbols

    Symbol Name                              Value     Ov Type        Size  Object(Section)

    BuildAttributes$$THM_ISAv4$E$P$D$K$B$S$7EM$VFPv5_D16$PE$PLD8$A:L22UL41UL21$X:L11$S22US41US21$IEEE1$IW$USESV6$~STKCKD$USESV7$~SHL$OSPACE$ROPI$EBA8$MICROLIB$REQ8$PRES8$EABIv2 0x00000000   Number         0  anon$$obj.o ABSOLUTE
    __ARM_use_no_argv                        0x00000000   Number         0  main.o ABSOLUTE
    _printf_a                                0x00000000   Number         0  stubs.o ABSOLUTE
    _printf_c                                0x00000000   Number         0  stubs.o ABSOLUTE
    _printf_charcount                        0x00000000   Number         0  stubs.o ABSOLUTE
    _printf_d                                0x00000000   Number         0  stubs.o ABSOLUTE
    _printf_e                                0x00000000   Number         0  stubs.o ABSOLUTE
    _printf_f                                0x00000000   Number         0  stubs.o ABSOLUTE
    _printf_flags                            0x00000000   Number         0  stubs.o ABSOLUTE
    _printf_fp_dec                           0x00000000   Number         0  stubs.o ABSOLUTE
    _printf_fp_hex                           0x00000000   Number         0  stubs.o ABSOLUTE
    _printf_g                                0x00000000   Number         0  stubs.o ABSOLUTE
    _printf_i                                0x00000000   Number         0  stubs.o ABSOLUTE
    _printf_int_dec                          0x00000000   Number         0  stubs.o ABSOLUTE
    _printf_l                                0x00000000   Number         0  stubs.o ABSOLUTE
    _printf_lc                               0x00000000   Number         0  stubs.o ABSOLUTE
    _printf_ll                               0x00000000   Number         0  stubs.o ABSOLUTE
    _printf_lld                              0x00000000   Number         0  stubs.o ABSOLUTE
    _printf_lli                              0x00000000   Number         0  stubs.o ABSOLUTE
    _printf_llo                              0x00000000   Number         0  stubs.o ABSOLUTE
    _printf_llu                              0x00000000   Number         0  stubs.o ABSOLUTE
    _printf_llx                              0x00000000   Number         0  stubs.o ABSOLUTE
    _printf_longlong_dec                     0x00000000   Number         0  stubs.o ABSOLUTE
    _printf_longlong_hex                     0x00000000   Number         0  stubs.o ABSOLUTE
    _printf_longlong_oct                     0x00000000   Number         0  stubs.o ABSOLUTE
    _printf_ls                               0x00000000   Number         0  stubs.o ABSOLUTE
    _printf_mbtowc                           0x00000000   Number         0  stubs.o ABSOLUTE
    _printf_n                                0x00000000   Number         0  stubs.o ABSOLUTE
    _printf_o                                0x00000000   Number         0  stubs.o ABSOLUTE
    _printf_p                                0x00000000   Number         0  stubs.o ABSOLUTE
    _printf_percent                          0x00000000   Number         0  stubs.o ABSOLUTE
    _printf_pre_padding                      0x00000000   Number         0  stubs.o ABSOLUTE
    _printf_return_value                     0x00000000   Number         0  stubs.o ABSOLUTE
    _printf_s                                0x00000000   Number         0  stubs.o ABSOLUTE
    _printf_sizespec                         0x00000000   Number         0  stubs.o ABSOLUTE
    _printf_str                              0x00000000   Number         0  stubs.o ABSOLUTE
    _printf_truncate_signed                  0x00000000   Number         0  stubs.o ABSOLUTE
    _printf_truncate_unsigned                0x00000000   Number         0  stubs.o ABSOLUTE
    _printf_u                                0x00000000   Number         0  stubs.o ABSOLUTE
    _printf_wc                               0x00000000   Number         0  stubs.o ABSOLUTE
    _printf_wctomb                           0x00000000   Number         0  stubs.o ABSOLUTE
    _printf_widthprec                        0x00000000   Number         0  stubs.o ABSOLUTE
    _printf_x                                0x00000000   Number         0  stubs.o ABSOLUTE
    __cpp_initialize__aeabi_                  - Undefined Weak Reference
    __cxa_finalize                            - Undefined Weak Reference
    __decompress                              - Undefined Weak Reference
    _clock_init                               - Undefined Weak Reference
    _microlib_exit                            - Undefined Weak Reference
    __Vectors_Size                           0x000001f8   Number         0  startup_stm32f767xx.o ABSOLUTE
    __Vectors                                0x08000000   Data           4  startup_stm32f767xx.o(RESET)
    __Vectors_End                            0x080001f8   Data           0  startup_stm32f767xx.o(RESET)
    __main                                   0x080001f9   Thumb Code     0  entry.o(.ARM.Collect$$$$00000000)
    _main_stk                                0x080001f9   Thumb Code     0  entry2.o(.ARM.Collect$$$$00000001)
    _main_scatterload                        0x080001fd   Thumb Code     0  entry5.o(.ARM.Collect$$$$00000004)
    __main_after_scatterload                 0x08000201   Thumb Code     0  entry5.o(.ARM.Collect$$$$00000004)
    _main_clock                              0x08000201   Thumb Code     0  entry7b.o(.ARM.Collect$$$$00000008)
    _main_cpp_init                           0x08000201   Thumb Code     0  entry8b.o(.ARM.Collect$$$$0000000A)
    _main_init                               0x08000201   Thumb Code     0  entry9a.o(.ARM.Collect$$$$0000000B)
    __rt_final_cpp                           0x08000209   Thumb Code     0  entry10a.o(.ARM.Collect$$$$0000000D)
    __rt_final_exit                          0x08000209   Thumb Code     0  entry11a.o(.ARM.Collect$$$$0000000F)
    SVC_Handler                              0x0800020d   Thumb Code    28  port.o(.emb_text)
    __asm___6_port_c_39a90d8d__prvStartFirstTask 0x0800022d   Thumb Code    28  port.o(.emb_text)
    __asm___6_port_c_39a90d8d__prvEnableVFP  0x0800024d   Thumb Code    16  port.o(.emb_text)
    PendSV_Handler                           0x08000261   Thumb Code    92  port.o(.emb_text)
    vPortGetIPSR                             0x080002c1   Thumb Code     6  port.o(.emb_text)
    Reset_Handler                            0x080002c9   Thumb Code     8  startup_stm32f767xx.o(.text)
    NMI_Handler                              0x080002d1   Thumb Code     2  startup_stm32f767xx.o(.text)
    HardFault_Handler                        0x080002d3   Thumb Code     2  startup_stm32f767xx.o(.text)
    MemManage_Handler                        0x080002d5   Thumb Code     2  startup_stm32f767xx.o(.text)
    BusFault_Handler                         0x080002d7   Thumb Code     2  startup_stm32f767xx.o(.text)
    UsageFault_Handler                       0x080002d9   Thumb Code     2  startup_stm32f767xx.o(.text)
    DebugMon_Handler                         0x080002dd   Thumb Code     2  startup_stm32f767xx.o(.text)
    ADC_IRQHandler                           0x080002e3   Thumb Code     0  startup_stm32f767xx.o(.text)
    CAN1_RX0_IRQHandler                      0x080002e3   Thumb Code     0  startup_stm32f767xx.o(.text)
    CAN1_RX1_IRQHandler                      0x080002e3   Thumb Code     0  startup_stm32f767xx.o(.text)
    CAN1_SCE_IRQHandler                      0x080002e3   Thumb Code     0  startup_stm32f767xx.o(.text)
    CAN1_TX_IRQHandler                       0x080002e3   Thumb Code     0  startup_stm32f767xx.o(.text)
    CAN2_RX0_IRQHandler                      0x080002e3   Thumb Code     0  startup_stm32f767xx.o(.text)
    CAN2_RX1_IRQHandler                      0x080002e3   Thumb Code     0  startup_stm32f767xx.o(.text)
    CAN2_SCE_IRQHandler                      0x080002e3   Thumb Code     0  startup_stm32f767xx.o(.text)
    CAN2_TX_IRQHandler                       0x080002e3   Thumb Code     0  startup_stm32f767xx.o(.text)
    CAN3_RX0_IRQHandler                      0x080002e3   Thumb Code     0  startup_stm32f767xx.o(.text)
    CAN3_RX1_IRQHandler                      0x080002e3   Thumb Code     0  startup_stm32f767xx.o(.text)
    CAN3_SCE_IRQHandler                      0x080002e3   Thumb Code     0  startup_stm32f767xx.o(.text)
    CAN3_TX_IRQHandler                       0x080002e3   Thumb Code     0  startup_stm32f767xx.o(.text)
    CEC_IRQHandler                           0x080002e3   Thumb Code     0  startup_stm32f767xx.o(.text)
    DCMI_IRQHandler                          0x080002e3   Thumb Code     0  startup_stm32f767xx.o(.text)
    DFSDM1_FLT0_IRQHandler                   0x080002e3   Thumb Code     0  startup_stm32f767xx.o(.text)
    DFSDM1_FLT1_IRQHandler                   0x080002e3   Thumb Code     0  startup_stm32f767xx.o(.text)
    DFSDM1_FLT2_IRQHandler                   0x080002e3   Thumb Code     0  startup_stm32f767xx.o(.text)
    DFSDM1_FLT3_IRQHandler                   0x080002e3   Thumb Code     0  startup_stm32f767xx.o(.text)
    DMA1_Stream0_IRQHandler                  0x080002e3   Thumb Code     0  startup_stm32f767xx.o(.text)
    DMA1_Stream1_IRQHandler                  0x080002e3   Thumb Code     0  startup_stm32f767xx.o(.text)
    DMA1_Stream2_IRQHandler                  0x080002e3   Thumb Code     0  startup_stm32f767xx.o(.text)
    DMA1_Stream3_IRQHandler                  0x080002e3   Thumb Code     0  startup_stm32f767xx.o(.text)
    DMA1_Stream4_IRQHandler                  0x080002e3   Thumb Code     0  startup_stm32f767xx.o(.text)
    DMA1_Stream5_IRQHandler                  0x080002e3   Thumb Code     0  startup_stm32f767xx.o(.text)
    DMA1_Stream6_IRQHandler                  0x080002e3   Thumb Code     0  startup_stm32f767xx.o(.text)
    DMA1_Stream7_IRQHandler                  0x080002e3   Thumb Code     0  startup_stm32f767xx.o(.text)
    DMA2D_IRQHandler                         0x080002e3   Thumb Code     0  startup_stm32f767xx.o(.text)
    DMA2_Stream0_IRQHandler                  0x080002e3   Thumb Code     0  startup_stm32f767xx.o(.text)
    DMA2_Stream1_IRQHandler                  0x080002e3   Thumb Code     0  startup_stm32f767xx.o(.text)
    DMA2_Stream2_IRQHandler                  0x080002e3   Thumb Code     0  startup_stm32f767xx.o(.text)
    DMA2_Stream3_IRQHandler                  0x080002e3   Thumb Code     0  startup_stm32f767xx.o(.text)
    DMA2_Stream4_IRQHandler                  0x080002e3   Thumb Code     0  startup_stm32f767xx.o(.text)
    DMA2_Stream5_IRQHandler                  0x080002e3   Thumb Code     0  startup_stm32f767xx.o(.text)
    DMA2_Stream6_IRQHandler                  0x080002e3   Thumb Code     0  startup_stm32f767xx.o(.text)
    DMA2_Stream7_IRQHandler                  0x080002e3   Thumb Code     0  startup_stm32f767xx.o(.text)
    ETH_IRQHandler                           0x080002e3   Thumb Code     0  startup_stm32f767xx.o(.text)
    ETH_WKUP_IRQHandler                      0x080002e3   Thumb Code     0  startup_stm32f767xx.o(.text)
    EXTI0_IRQHandler                         0x080002e3   Thumb Code     0  startup_stm32f767xx.o(.text)
    EXTI15_10_IRQHandler                     0x080002e3   Thumb Code     0  startup_stm32f767xx.o(.text)
    EXTI1_IRQHandler                         0x080002e3   Thumb Code     0  startup_stm32f767xx.o(.text)
    EXTI2_IRQHandler                         0x080002e3   Thumb Code     0  startup_stm32f767xx.o(.text)
    EXTI3_IRQHandler                         0x080002e3   Thumb Code     0  startup_stm32f767xx.o(.text)
    EXTI4_IRQHandler                         0x080002e3   Thumb Code     0  startup_stm32f767xx.o(.text)
    EXTI9_5_IRQHandler                       0x080002e3   Thumb Code     0  startup_stm32f767xx.o(.text)
    FLASH_IRQHandler                         0x080002e3   Thumb Code     0  startup_stm32f767xx.o(.text)
    FMC_IRQHandler                           0x080002e3   Thumb Code     0  startup_stm32f767xx.o(.text)
    FPU_IRQHandler                           0x080002e3   Thumb Code     0  startup_stm32f767xx.o(.text)
    I2C1_ER_IRQHandler                       0x080002e3   Thumb Code     0  startup_stm32f767xx.o(.text)
    I2C1_EV_IRQHandler                       0x080002e3   Thumb Code     0  startup_stm32f767xx.o(.text)
    I2C2_ER_IRQHandler                       0x080002e3   Thumb Code     0  startup_stm32f767xx.o(.text)
    I2C2_EV_IRQHandler                       0x080002e3   Thumb Code     0  startup_stm32f767xx.o(.text)
    I2C3_ER_IRQHandler                       0x080002e3   Thumb Code     0  startup_stm32f767xx.o(.text)
    I2C3_EV_IRQHandler                       0x080002e3   Thumb Code     0  startup_stm32f767xx.o(.text)
    I2C4_ER_IRQHandler                       0x080002e3   Thumb Code     0  startup_stm32f767xx.o(.text)
    I2C4_EV_IRQHandler                       0x080002e3   Thumb Code     0  startup_stm32f767xx.o(.text)
    JPEG_IRQHandler                          0x080002e3   Thumb Code     0  startup_stm32f767xx.o(.text)
    LPTIM1_IRQHandler                        0x080002e3   Thumb Code     0  startup_stm32f767xx.o(.text)
    LTDC_ER_IRQHandler                       0x080002e3   Thumb Code     0  startup_stm32f767xx.o(.text)
    LTDC_IRQHandler                          0x080002e3   Thumb Code     0  startup_stm32f767xx.o(.text)
    MDIOS_IRQHandler                         0x080002e3   Thumb Code     0  startup_stm32f767xx.o(.text)
    OTG_FS_IRQHandler                        0x080002e3   Thumb Code     0  startup_stm32f767xx.o(.text)
    OTG_FS_WKUP_IRQHandler                   0x080002e3   Thumb Code     0  startup_stm32f767xx.o(.text)
    OTG_HS_EP1_IN_IRQHandler                 0x080002e3   Thumb Code     0  startup_stm32f767xx.o(.text)
    OTG_HS_EP1_OUT_IRQHandler                0x080002e3   Thumb Code     0  startup_stm32f767xx.o(.text)
    OTG_HS_IRQHandler                        0x080002e3   Thumb Code     0  startup_stm32f767xx.o(.text)
    OTG_HS_WKUP_IRQHandler                   0x080002e3   Thumb Code     0  startup_stm32f767xx.o(.text)
    PVD_IRQHandler                           0x080002e3   Thumb Code     0  startup_stm32f767xx.o(.text)
    QUADSPI_IRQHandler                       0x080002e3   Thumb Code     0  startup_stm32f767xx.o(.text)
    RCC_IRQHandler                           0x080002e3   Thumb Code     0  startup_stm32f767xx.o(.text)
    RNG_IRQHandler                           0x080002e3   Thumb Code     0  startup_stm32f767xx.o(.text)
    RTC_Alarm_IRQHandler                     0x080002e3   Thumb Code     0  startup_stm32f767xx.o(.text)
    RTC_WKUP_IRQHandler                      0x080002e3   Thumb Code     0  startup_stm32f767xx.o(.text)
    SAI1_IRQHandler                          0x080002e3   Thumb Code     0  startup_stm32f767xx.o(.text)
    SAI2_IRQHandler                          0x080002e3   Thumb Code     0  startup_stm32f767xx.o(.text)
    SDMMC1_IRQHandler                        0x080002e3   Thumb Code     0  startup_stm32f767xx.o(.text)
    SDMMC2_IRQHandler                        0x080002e3   Thumb Code     0  startup_stm32f767xx.o(.text)
    SPDIF_RX_IRQHandler                      0x080002e3   Thumb Code     0  startup_stm32f767xx.o(.text)
    SPI1_IRQHandler                          0x080002e3   Thumb Code     0  startup_stm32f767xx.o(.text)
    SPI2_IRQHandler                          0x080002e3   Thumb Code     0  startup_stm32f767xx.o(.text)
    SPI3_IRQHandler                          0x080002e3   Thumb Code     0  startup_stm32f767xx.o(.text)
    SPI4_IRQHandler                          0x080002e3   Thumb Code     0  startup_stm32f767xx.o(.text)
    SPI5_IRQHandler                          0x080002e3   Thumb Code     0  startup_stm32f767xx.o(.text)
    SPI6_IRQHandler                          0x080002e3   Thumb Code     0  startup_stm32f767xx.o(.text)
    TAMP_STAMP_IRQHandler                    0x080002e3   Thumb Code     0  startup_stm32f767xx.o(.text)
    TIM1_BRK_TIM9_IRQHandler                 0x080002e3   Thumb Code     0  startup_stm32f767xx.o(.text)
    TIM1_CC_IRQHandler                       0x080002e3   Thumb Code     0  startup_stm32f767xx.o(.text)
    TIM1_TRG_COM_TIM11_IRQHandler            0x080002e3   Thumb Code     0  startup_stm32f767xx.o(.text)
    TIM1_UP_TIM10_IRQHandler                 0x080002e3   Thumb Code     0  startup_stm32f767xx.o(.text)
    TIM2_IRQHandler                          0x080002e3   Thumb Code     0  startup_stm32f767xx.o(.text)
    TIM3_IRQHandler                          0x080002e3   Thumb Code     0  startup_stm32f767xx.o(.text)
    TIM4_IRQHandler                          0x080002e3   Thumb Code     0  startup_stm32f767xx.o(.text)
    TIM5_IRQHandler                          0x080002e3   Thumb Code     0  startup_stm32f767xx.o(.text)
    TIM6_DAC_IRQHandler                      0x080002e3   Thumb Code     0  startup_stm32f767xx.o(.text)
    TIM7_IRQHandler                          0x080002e3   Thumb Code     0  startup_stm32f767xx.o(.text)
    TIM8_BRK_TIM12_IRQHandler                0x080002e3   Thumb Code     0  startup_stm32f767xx.o(.text)
    TIM8_CC_IRQHandler                       0x080002e3   Thumb Code     0  startup_stm32f767xx.o(.text)
    TIM8_TRG_COM_TIM14_IRQHandler            0x080002e3   Thumb Code     0  startup_stm32f767xx.o(.text)
    TIM8_UP_TIM13_IRQHandler                 0x080002e3   Thumb Code     0  startup_stm32f767xx.o(.text)
    UART4_IRQHandler                         0x080002e3   Thumb Code     0  startup_stm32f767xx.o(.text)
    UART5_IRQHandler                         0x080002e3   Thumb Code     0  startup_stm32f767xx.o(.text)
    UART7_IRQHandler                         0x080002e3   Thumb Code     0  startup_stm32f767xx.o(.text)
    UART8_IRQHandler                         0x080002e3   Thumb Code     0  startup_stm32f767xx.o(.text)
    USART2_IRQHandler                        0x080002e3   Thumb Code     0  startup_stm32f767xx.o(.text)
    USART3_IRQHandler                        0x080002e3   Thumb Code     0  startup_stm32f767xx.o(.text)
    USART6_IRQHandler                        0x080002e3   Thumb Code     0  startup_stm32f767xx.o(.text)
    WWDG_IRQHandler                          0x080002e3   Thumb Code     0  startup_stm32f767xx.o(.text)
    __aeabi_memcpy                           0x080002ed   Thumb Code    36  memcpya.o(.text)
    __aeabi_memcpy4                          0x080002ed   Thumb Code     0  memcpya.o(.text)
    __aeabi_memcpy8                          0x080002ed   Thumb Code     0  memcpya.o(.text)
    __aeabi_memset                           0x08000311   Thumb Code    14  memseta.o(.text)
    __aeabi_memset4                          0x08000311   Thumb Code     0  memseta.o(.text)
    __aeabi_memset8                          0x08000311   Thumb Code     0  memseta.o(.text)
    __aeabi_memclr                           0x0800031f   Thumb Code     4  memseta.o(.text)
    __aeabi_memclr4                          0x0800031f   Thumb Code     0  memseta.o(.text)
    __aeabi_memclr8                          0x0800031f   Thumb Code     0  memseta.o(.text)
    _memset$wrapper                          0x08000323   Thumb Code    18  memseta.o(.text)
    strncpy                                  0x08000335   Thumb Code    24  strncpy.o(.text)
    strlen                                   0x0800034d   Thumb Code    14  strlen.o(.text)
    strncat                                  0x0800035b   Thumb Code    40  strncat.o(.text)
    strncmp                                  0x08000383   Thumb Code    30  strncmp.o(.text)
    __aeabi_uidiv                            0x080003a1   Thumb Code     0  uidiv.o(.text)
    __aeabi_uidivmod                         0x080003a1   Thumb Code    44  uidiv.o(.text)
    __scatterload                            0x080003cd   Thumb Code    28  init.o(.text)
    __scatterload_rt2                        0x080003cd   Thumb Code     0  init.o(.text)
    Cmd_UART_Rx                              0x080003f1   Thumb Code    60  uart-interrupt-driven-command-console.o(i.Cmd_UART_Rx)
    Cmd_UART_Tx                              0x08000431   Thumb Code    42  uart-interrupt-driven-command-console.o(i.Cmd_UART_Tx)
    FreeRTOS_CLIGetOutputBuffer              0x08000461   Thumb Code     4  freertos_cli.o(i.FreeRTOS_CLIGetOutputBuffer)
    FreeRTOS_CLIGetParameter                 0x08000469   Thumb Code    92  freertos_cli.o(i.FreeRTOS_CLIGetParameter)
    FreeRTOS_CLIProcessCommand               0x080004c5   Thumb Code   200  freertos_cli.o(i.FreeRTOS_CLIProcessCommand)
    FreeRTOS_CLIRegisterCommand              0x0800059d   Thumb Code   102  freertos_cli.o(i.FreeRTOS_CLIRegisterCommand)
    HAL_GPIO_Init                            0x08000609   Thumb Code   484  stm32f7xx_hal_gpio.o(i.HAL_GPIO_Init)
    HAL_GPIO_WritePin                        0x08000821   Thumb Code    12  stm32f7xx_hal_gpio.o(i.HAL_GPIO_WritePin)
    HAL_GetTick                              0x0800082d   Thumb Code     6  stm32f7xx_hal.o(i.HAL_GetTick)
    HAL_IncTick                              0x08000839   Thumb Code    12  stm32f7xx_hal.o(i.HAL_IncTick)
    HAL_Init                                 0x08000849   Thumb Code    22  stm32f7xx_hal.o(i.HAL_Init)
    HAL_InitTick                             0x08000861   Thumb Code    36  stm32f7xx_hal.o(i.HAL_InitTick)
    HAL_MspInit                              0x08000889   Thumb Code    86  stm32f7xx_hal_msp.o(i.HAL_MspInit)
    HAL_NVIC_EnableIRQ                       0x080008df   Thumb Code    26  stm32f7xx_hal_cortex.o(i.HAL_NVIC_EnableIRQ)
    HAL_NVIC_SetPriority                     0x080008f9   Thumb Code   124  stm32f7xx_hal_cortex.o(i.HAL_NVIC_SetPriority)
    HAL_NVIC_SetPriorityGrouping             0x08000975   Thumb Code    32  stm32f7xx_hal_cortex.o(i.HAL_NVIC_SetPriorityGrouping)
    HAL_RCCEx_PeriphCLKConfig                0x0800099d   Thumb Code  1876  stm32f7xx_hal_rcc_ex.o(i.HAL_RCCEx_PeriphCLKConfig)
    HAL_RCC_ClockConfig                      0x080010f5   Thumb Code   338  stm32f7xx_hal_rcc.o(i.HAL_RCC_ClockConfig)
    HAL_RCC_GetHCLKFreq                      0x08001259   Thumb Code     6  stm32f7xx_hal_rcc.o(i.HAL_RCC_GetHCLKFreq)
    HAL_RCC_GetPCLK1Freq                     0x08001265   Thumb Code    22  stm32f7xx_hal_rcc.o(i.HAL_RCC_GetPCLK1Freq)
    HAL_RCC_GetPCLK2Freq                     0x08001285   Thumb Code    22  stm32f7xx_hal_rcc.o(i.HAL_RCC_GetPCLK2Freq)
    HAL_RCC_GetSysClockFreq                  0x080012a5   Thumb Code   130  stm32f7xx_hal_rcc.o(i.HAL_RCC_GetSysClockFreq)
    HAL_RCC_OscConfig                        0x08001331   Thumb Code  1204  stm32f7xx_hal_rcc.o(i.HAL_RCC_OscConfig)
    HAL_SPI_Init                             0x080017e9   Thumb Code   204  stm32f7xx_hal_spi.o(i.HAL_SPI_Init)
    HAL_SPI_MspInit                          0x080018b5   Thumb Code   102  stm32f7xx_hal_msp.o(i.HAL_SPI_MspInit)
    HAL_SPI_Receive                          0x0800192d   Thumb Code   398  stm32f7xx_hal_spi.o(i.HAL_SPI_Receive)
    HAL_SPI_Transmit                         0x08001abb   Thumb Code   370  stm32f7xx_hal_spi.o(i.HAL_SPI_Transmit)
    HAL_SPI_TransmitReceive                  0x08001c2d   Thumb Code   626  stm32f7xx_hal_spi.o(i.HAL_SPI_TransmitReceive)
    HAL_SYSTICK_CLKSourceConfig              0x08001e9f   Thumb Code    40  stm32f7xx_hal_cortex.o(i.HAL_SYSTICK_CLKSourceConfig)
    HAL_SYSTICK_Config                       0x08001ec7   Thumb Code    52  stm32f7xx_hal_cortex.o(i.HAL_SYSTICK_Config)
    HAL_UART_Init                            0x08001efb   Thumb Code   120  stm32f7xx_hal_uart.o(i.HAL_UART_Init)
    HAL_UART_MspInit                         0x08001f75   Thumb Code   120  stm32f7xx_hal_msp.o(i.HAL_UART_MspInit)
    M2_Modem_ReceiveBuf                      0x08001ff9   Thumb Code    86  m2_modem.o(i.M2_Modem_ReceiveBuf)
    M2_Modem_SelectDevice                    0x08002059   Thumb Code    50  m2_modem.o(i.M2_Modem_SelectDevice)
    M2_Modem_SendBuf                         0x08002095   Thumb Code    84  m2_modem.o(i.M2_Modem_SendBuf)
    StartDefaultTask                         0x08002645   Thumb Code    96  main.o(i.StartDefaultTask)
    SysTick_Handler                          0x080026b5   Thumb Code    12  stm32f7xx_it.o(i.SysTick_Handler)
    SystemClock_Config                       0x080026c1   Thumb Code   196  main.o(i.SystemClock_Config)
    SystemInit                               0x0800279d   Thumb Code    82  system_stm32f7xx.o(i.SystemInit)
    UART_AdvFeatureConfig                    0x08002801   Thumb Code   234  stm32f7xx_hal_uart.o(i.UART_AdvFeatureConfig)
    UART_CheckIdleState                      0x080028eb   Thumb Code    78  stm32f7xx_hal_uart.o(i.UART_CheckIdleState)
    UART_SetConfig                           0x08002939   Thumb Code   858  stm32f7xx_hal_uart.o(i.UART_SetConfig)
    UART_WaitOnFlagUntilTimeout              0x08002cc5   Thumb Code   108  stm32f7xx_hal_uart.o(i.UART_WaitOnFlagUntilTimeout)
    USART1_IRQHandler                        0x08002d31   Thumb Code    22  stm32f7xx_it.o(i.USART1_IRQHandler)
    _Error_Handler                           0x08002d4d   Thumb Code     4  main.o(i._Error_Handler)
    __0sprintf$1                             0x08002d51   Thumb Code    34  printf1.o(i.__0sprintf$1)
    __1sprintf$1                             0x08002d51   Thumb Code     0  printf1.o(i.__0sprintf$1)
    __2sprintf                               0x08002d51   Thumb Code     0  printf1.o(i.__0sprintf$1)
    __scatterload_copy                       0x08002d79   Thumb Code    14  handlers.o(i.__scatterload_copy)
    __scatterload_null                       0x08002d87   Thumb Code     2  handlers.o(i.__scatterload_null)
    __scatterload_zeroinit                   0x08002d89   Thumb Code    14  handlers.o(i.__scatterload_zeroinit)
    crc16_CCITT                              0x08002ef7   Thumb Code    50  m2_modem.o(i.crc16_CCITT)
    main                                     0x08002f35   Thumb Code    56  main.o(i.main)
    osDelay                                  0x08002f83   Thumb Code    24  cmsis_os.o(i.osDelay)
    osKernelStart                            0x08002f9b   Thumb Code    10  cmsis_os.o(i.osKernelStart)
    osSystickHandler                         0x08002fa5   Thumb Code    16  cmsis_os.o(i.osSystickHandler)
    osThreadCreate                           0x08002fb5   Thumb Code    48  cmsis_os.o(i.osThreadCreate)
    pvPortMalloc                             0x0800386d   Thumb Code   308  heap_4.o(i.pvPortMalloc)
    pxPortInitialiseStack                    0x080039b5   Thumb Code    38  port.o(i.pxPortInitialiseStack)
    uxListRemove                             0x080039e1   Thumb Code    40  list.o(i.uxListRemove)
    vListInitialise                          0x08003a09   Thumb Code    26  list.o(i.vListInitialise)
    vListInitialiseItem                      0x08003a23   Thumb Code     6  list.o(i.vListInitialiseItem)
    vListInsert                              0x08003a29   Thumb Code    52  list.o(i.vListInsert)
    vListInsertEnd                           0x08003a5d   Thumb Code    24  list.o(i.vListInsertEnd)
    vPortEnterCritical                       0x08003a75   Thumb Code    84  port.o(i.vPortEnterCritical)
    vPortExitCritical                        0x08003ad1   Thumb Code    60  port.o(i.vPortExitCritical)
    vPortFree                                0x08003b11   Thumb Code   148  heap_4.o(i.vPortFree)
    vPortSetupTimerInterrupt                 0x08003bad   Thumb Code    26  port.o(i.vPortSetupTimerInterrupt)
    vRegisterCLICommands                     0x08003bcd   Thumb Code    22  cli-commands.o(i.vRegisterCLICommands)
    vTaskDelay                               0x08003bf1   Thumb Code    86  tasks.o(i.vTaskDelay)
    vTaskStartScheduler                      0x08003c51   Thumb Code   116  tasks.o(i.vTaskStartScheduler)
    vTaskSuspendAll                          0x08003ce1   Thumb Code    12  tasks.o(i.vTaskSuspendAll)
    vTaskSwitchContext                       0x08003cf1   Thumb Code   122  tasks.o(i.vTaskSwitchContext)
    vUARTCommandConsoleStart                 0x08003d81   Thumb Code    50  uart-interrupt-driven-command-console.o(i.vUARTCommandConsoleStart)
    xPortStartScheduler                      0x08003dc1   Thumb Code   206  port.o(i.xPortStartScheduler)
    xPortSysTickHandler                      0x08003ea9   Thumb Code    50  port.o(i.xPortSysTickHandler)
    xTaskCreate                              0x08003ee1   Thumb Code    96  tasks.o(i.xTaskCreate)
    xTaskGetSchedulerState                   0x08003f41   Thumb Code    24  tasks.o(i.xTaskGetSchedulerState)
    xTaskIncrementTick                       0x08003f61   Thumb Code   286  tasks.o(i.xTaskIncrementTick)
    xTaskResumeAll                           0x080040ad   Thumb Code   228  tasks.o(i.xTaskResumeAll)
    AHBPrescTable                            0x080041b4   Data          16  system_stm32f7xx.o(.constdata)
    APBPrescTable                            0x080041c4   Data           8  system_stm32f7xx.o(.constdata)
    Region$$Table$$Base                      0x080044dc   Number         0  anon$$obj.o(Region$$Table)
    Region$$Table$$Limit                     0x080044fc   Number         0  anon$$obj.o(Region$$Table)
    uwTick                                   0x20000000   Data           4  stm32f7xx_hal.o(.data)
    SystemCoreClock                          0x20000004   Data           4  system_stm32f7xx.o(.data)
    defaultTaskHandle                        0x20000008   Data           4  main.o(.data)
    snd_data                                 0x2000000c   Data          48  main.o(.data)
    realCRC16                                0x2000003c   Data           2  main.o(.data)
    hardwareCRC16                            0x2000003e   Data           2  main.o(.data)
    UARTCmdTaskHandle                        0x20000050   Data           4  uart-interrupt-driven-command-console.o(.data)
    pxCurrentTCB                             0x20000068   Data           4  tasks.o(.data)
    hspi1                                    0x200000c8   Data         100  main.o(.bss)
    huart1                                   0x2000012c   Data         112  main.o(.bss)
    rcv_data                                 0x2000019c   Data          75  main.o(.bss)
    uart1_rx_fifo                            0x200001e8   Data         264  uart-interrupt-driven-command-console.o(.bss)
    __initial_sp                             0x200084a8   Data           0  startup_stm32f767xx.o(STACK)



==============================================================================

Memory Map of the image

  Image Entry point : 0x080001f9

  Load Region LR_IROM1 (Base: 0x08000000, Size: 0x000045c4, Max: 0x00200000, ABSOLUTE)

    Execution Region ER_IROM1 (Base: 0x08000000, Size: 0x000044fc, Max: 0x00200000, ABSOLUTE)

    Base Addr    Size         Type   Attr      Idx    E Section Name        Object

    0x08000000   0x000001f8   Data   RO         3916    RESET               startup_stm32f767xx.o
    0x080001f8   0x00000000   Code   RO         3921  * .ARM.Collect$$$$00000000  mc_w.l(entry.o)
    0x080001f8   0x00000004   Code   RO         4199    .ARM.Collect$$$$00000001  mc_w.l(entry2.o)
    0x080001fc   0x00000004   Code   RO         4202    .ARM.Collect$$$$00000004  mc_w.l(entry5.o)
    0x08000200   0x00000000   Code   RO         4204    .ARM.Collect$$$$00000008  mc_w.l(entry7b.o)
    0x08000200   0x00000000   Code   RO         4206    .ARM.Collect$$$$0000000A  mc_w.l(entry8b.o)
    0x08000200   0x00000008   Code   RO         4207    .ARM.Collect$$$$0000000B  mc_w.l(entry9a.o)
    0x08000208   0x00000000   Code   RO         4209    .ARM.Collect$$$$0000000D  mc_w.l(entry10a.o)
    0x08000208   0x00000000   Code   RO         4211    .ARM.Collect$$$$0000000F  mc_w.l(entry11a.o)
    0x08000208   0x00000004   Code   RO         4200    .ARM.Collect$$$$00002712  mc_w.l(entry2.o)
    0x0800020c   0x000000ba   Code   RO         3801    .emb_text           port.o
    0x080002c6   0x00000002   PAD
    0x080002c8   0x00000024   Code   RO         3917    .text               startup_stm32f767xx.o
    0x080002ec   0x00000024   Code   RO         3924    .text               mc_w.l(memcpya.o)
    0x08000310   0x00000024   Code   RO         3926    .text               mc_w.l(memseta.o)
    0x08000334   0x00000018   Code   RO         3928    .text               mc_w.l(strncpy.o)
    0x0800034c   0x0000000e   Code   RO         3930    .text               mc_w.l(strlen.o)
    0x0800035a   0x00000028   Code   RO         3932    .text               mc_w.l(strncat.o)
    0x08000382   0x0000001e   Code   RO         3934    .text               mc_w.l(strncmp.o)
    0x080003a0   0x0000002c   Code   RO         4216    .text               mc_w.l(uidiv.o)
    0x080003cc   0x00000024   Code   RO         4231    .text               mc_w.l(init.o)
    0x080003f0   0x00000040   Code   RO         2709    i.Cmd_UART_Rx       uart-interrupt-driven-command-console.o
    0x08000430   0x00000030   Code   RO         2710    i.Cmd_UART_Tx       uart-interrupt-driven-command-console.o
    0x08000460   0x00000008   Code   RO         2785    i.FreeRTOS_CLIGetOutputBuffer  freertos_cli.o
    0x08000468   0x0000005c   Code   RO         2786    i.FreeRTOS_CLIGetParameter  freertos_cli.o
    0x080004c4   0x000000d8   Code   RO         2787    i.FreeRTOS_CLIProcessCommand  freertos_cli.o
    0x0800059c   0x0000006c   Code   RO         2788    i.FreeRTOS_CLIRegisterCommand  freertos_cli.o
    0x08000608   0x00000218   Code   RO         1633    i.HAL_GPIO_Init     stm32f7xx_hal_gpio.o
    0x08000820   0x0000000c   Code   RO         1637    i.HAL_GPIO_WritePin  stm32f7xx_hal_gpio.o
    0x0800082c   0x0000000c   Code   RO          969    i.HAL_GetTick       stm32f7xx_hal.o
    0x08000838   0x00000010   Code   RO          973    i.HAL_IncTick       stm32f7xx_hal.o
    0x08000848   0x00000016   Code   RO          974    i.HAL_Init          stm32f7xx_hal.o
    0x0800085e   0x00000002   PAD
    0x08000860   0x00000028   Code   RO          975    i.HAL_InitTick      stm32f7xx_hal.o
    0x08000888   0x00000056   Code   RO         2515    i.HAL_MspInit       stm32f7xx_hal_msp.o
    0x080008de   0x0000001a   Code   RO         1924    i.HAL_NVIC_EnableIRQ  stm32f7xx_hal_cortex.o
    0x080008f8   0x0000007c   Code   RO         1930    i.HAL_NVIC_SetPriority  stm32f7xx_hal_cortex.o
    0x08000974   0x00000028   Code   RO         1931    i.HAL_NVIC_SetPriorityGrouping  stm32f7xx_hal_cortex.o
    0x0800099c   0x00000758   Code   RO          918    i.HAL_RCCEx_PeriphCLKConfig  stm32f7xx_hal_rcc_ex.o
    0x080010f4   0x00000164   Code   RO          815    i.HAL_RCC_ClockConfig  stm32f7xx_hal_rcc.o
    0x08001258   0x0000000c   Code   RO          820    i.HAL_RCC_GetHCLKFreq  stm32f7xx_hal_rcc.o
    0x08001264   0x00000020   Code   RO          822    i.HAL_RCC_GetPCLK1Freq  stm32f7xx_hal_rcc.o
    0x08001284   0x00000020   Code   RO          823    i.HAL_RCC_GetPCLK2Freq  stm32f7xx_hal_rcc.o
    0x080012a4   0x0000008c   Code   RO          824    i.HAL_RCC_GetSysClockFreq  stm32f7xx_hal_rcc.o
    0x08001330   0x000004b8   Code   RO          827    i.HAL_RCC_OscConfig  stm32f7xx_hal_rcc.o
    0x080017e8   0x000000cc   Code   RO         1272    i.HAL_SPI_Init      stm32f7xx_hal_spi.o
    0x080018b4   0x00000078   Code   RO         2517    i.HAL_SPI_MspInit   stm32f7xx_hal_msp.o
    0x0800192c   0x0000018e   Code   RO         1275    i.HAL_SPI_Receive   stm32f7xx_hal_spi.o
    0x08001aba   0x00000172   Code   RO         1280    i.HAL_SPI_Transmit  stm32f7xx_hal_spi.o
    0x08001c2c   0x00000272   Code   RO         1281    i.HAL_SPI_TransmitReceive  stm32f7xx_hal_spi.o
    0x08001e9e   0x00000028   Code   RO         1933    i.HAL_SYSTICK_CLKSourceConfig  stm32f7xx_hal_cortex.o
    0x08001ec6   0x00000034   Code   RO         1935    i.HAL_SYSTICK_Config  stm32f7xx_hal_cortex.o
    0x08001efa   0x00000078   Code   RO         2078    i.HAL_UART_Init     stm32f7xx_hal_uart.o
    0x08001f72   0x00000002   PAD
    0x08001f74   0x00000084   Code   RO         2519    i.HAL_UART_MspInit  stm32f7xx_hal_msp.o
    0x08001ff8   0x00000060   Code   RO         2597    i.M2_Modem_ReceiveBuf  m2_modem.o
    0x08002058   0x0000003c   Code   RO         2598    i.M2_Modem_SelectDevice  m2_modem.o
    0x08002094   0x0000005c   Code   RO         2599    i.M2_Modem_SendBuf  m2_modem.o
    0x080020f0   0x00000224   Code   RO         2422    i.MX_GPIO_Init      main.o
    0x08002314   0x00000068   Code   RO         2423    i.MX_SPI1_Init      main.o
    0x0800237c   0x00000058   Code   RO         2424    i.MX_USART1_UART_Init  main.o
    0x080023d4   0x00000010   Code   RO         1937    i.NVIC_GetPriorityGrouping  stm32f7xx_hal_cortex.o
    0x080023e4   0x00000028   Code   RO         1938    i.NVIC_SetPriority  stm32f7xx_hal_cortex.o
    0x0800240c   0x00000082   Code   RO         1309    i.SPI_EndRxTransaction  stm32f7xx_hal_spi.o
    0x0800248e   0x00000064   Code   RO         1310    i.SPI_EndRxTxTransaction  stm32f7xx_hal_spi.o
    0x080024f2   0x000000b2   Code   RO         1315    i.SPI_WaitFifoStateUntilTimeout  stm32f7xx_hal_spi.o
    0x080025a4   0x000000a0   Code   RO         1316    i.SPI_WaitFlagStateUntilTimeout  stm32f7xx_hal_spi.o
    0x08002644   0x00000070   Code   RO         2425    i.StartDefaultTask  main.o
    0x080026b4   0x0000000c   Code   RO         2563    i.SysTick_Handler   stm32f7xx_it.o
    0x080026c0   0x000000dc   Code   RO         2426    i.SystemClock_Config  main.o
    0x0800279c   0x00000064   Code   RO         2349    i.SystemInit        system_stm32f7xx.o
    0x08002800   0x000000ea   Code   RO         2091    i.UART_AdvFeatureConfig  stm32f7xx_hal_uart.o
    0x080028ea   0x0000004e   Code   RO         2092    i.UART_CheckIdleState  stm32f7xx_hal_uart.o
    0x08002938   0x0000038c   Code   RO         2103    i.UART_SetConfig    stm32f7xx_hal_uart.o
    0x08002cc4   0x0000006c   Code   RO         2105    i.UART_WaitOnFlagUntilTimeout  stm32f7xx_hal_uart.o
    0x08002d30   0x0000001c   Code   RO         2564    i.USART1_IRQHandler  stm32f7xx_it.o
    0x08002d4c   0x00000004   Code   RO         2427    i._Error_Handler    main.o
    0x08002d50   0x00000028   Code   RO         3985    i.__0sprintf$1      mc_w.l(printf1.o)
    0x08002d78   0x0000000e   Code   RO         4245    i.__scatterload_copy  mc_w.l(handlers.o)
    0x08002d86   0x00000002   Code   RO         4246    i.__scatterload_null  mc_w.l(handlers.o)
    0x08002d88   0x0000000e   Code   RO         4247    i.__scatterload_zeroinit  mc_w.l(handlers.o)
    0x08002d96   0x00000002   PAD
    0x08002d98   0x00000154   Code   RO         3990    i._printf_core      mc_w.l(printf1.o)
    0x08002eec   0x0000000a   Code   RO         3992    i._sputc            mc_w.l(printf1.o)
    0x08002ef6   0x00000032   Code   RO         2600    i.crc16_CCITT       m2_modem.o
    0x08002f28   0x0000000c   Code   RO         2601    i.delay_us          m2_modem.o
    0x08002f34   0x00000040   Code   RO         2428    i.main              main.o
    0x08002f74   0x0000000e   Code   RO         3230    i.makeFreeRtosPriority  cmsis_os.o
    0x08002f82   0x00000018   Code   RO         3232    i.osDelay           cmsis_os.o
    0x08002f9a   0x0000000a   Code   RO         3235    i.osKernelStart     cmsis_os.o
    0x08002fa4   0x00000010   Code   RO         3268    i.osSystickHandler  cmsis_os.o
    0x08002fb4   0x00000030   Code   RO         3269    i.osThreadCreate    cmsis_os.o
    0x08002fe4   0x00000098   Code   RO         2840    i.prvAddCurrentTaskToDelayedList  tasks.o
    0x0800307c   0x000000b4   Code   RO         2841    i.prvAddNewTaskToReadyList  tasks.o
    0x08003130   0x00000064   Code   RO         2842    i.prvCheckTasksWaitingTermination  tasks.o
    0x08003194   0x00000012   Code   RO         2843    i.prvDeleteTCB      tasks.o
    0x080031a6   0x0000002e   Code   RO         2789    i.prvGetNumberOfParameters  freertos_cli.o
    0x080031d4   0x0000007c   Code   RO         3746    i.prvHeapInit       heap_4.o
    0x08003250   0x0000004c   Code   RO         2790    i.prvHelpCommand    freertos_cli.o
    0x0800329c   0x00000028   Code   RO         2844    i.prvIdleTask       tasks.o
    0x080032c4   0x000000ae   Code   RO         2845    i.prvInitialiseNewTask  tasks.o
    0x08003372   0x00000002   PAD
    0x08003374   0x00000068   Code   RO         2846    i.prvInitialiseTaskLists  tasks.o
    0x080033dc   0x00000068   Code   RO         3747    i.prvInsertBlockIntoFreeList  heap_4.o
    0x08003444   0x000000d0   Code   RO         2645    i.prvM2SendWord     cli-commands.o
    0x08003514   0x000000b8   Code   RO         2646    i.prvMultiParameterEchoCommand  cli-commands.o
    0x080035cc   0x00000034   Code   RO         2847    i.prvResetNextTaskUnblockTime  tasks.o
    0x08003600   0x00000048   Code   RO         3802    i.prvTaskExitError  port.o
    0x08003648   0x000000e4   Code   RO         2647    i.prvThreeParameterEchoCommand  cli-commands.o
    0x0800372c   0x00000140   Code   RO         2711    i.prvUARTCommandConsoleTask  uart-interrupt-driven-command-console.o
    0x0800386c   0x00000148   Code   RO         3748    i.pvPortMalloc      heap_4.o
    0x080039b4   0x0000002c   Code   RO         3803    i.pxPortInitialiseStack  port.o
    0x080039e0   0x00000028   Code   RO         3878    i.uxListRemove      list.o
    0x08003a08   0x0000001a   Code   RO         3879    i.vListInitialise   list.o
    0x08003a22   0x00000006   Code   RO         3880    i.vListInitialiseItem  list.o
    0x08003a28   0x00000034   Code   RO         3881    i.vListInsert       list.o
    0x08003a5c   0x00000018   Code   RO         3882    i.vListInsertEnd    list.o
    0x08003a74   0x0000005c   Code   RO         3805    i.vPortEnterCritical  port.o
    0x08003ad0   0x00000040   Code   RO         3806    i.vPortExitCritical  port.o
    0x08003b10   0x0000009c   Code   RO         3749    i.vPortFree         heap_4.o
    0x08003bac   0x00000020   Code   RO         3807    i.vPortSetupTimerInterrupt  port.o
    0x08003bcc   0x00000024   Code   RO         2648    i.vRegisterCLICommands  cli-commands.o
    0x08003bf0   0x00000060   Code   RO         2855    i.vTaskDelay        tasks.o
    0x08003c50   0x00000090   Code   RO         2866    i.vTaskStartScheduler  tasks.o
    0x08003ce0   0x00000010   Code   RO         2868    i.vTaskSuspendAll   tasks.o
    0x08003cf0   0x00000090   Code   RO         2869    i.vTaskSwitchContext  tasks.o
    0x08003d80   0x00000040   Code   RO         2713    i.vUARTCommandConsoleStart  uart-interrupt-driven-command-console.o
    0x08003dc0   0x000000e8   Code   RO         3809    i.xPortStartScheduler  port.o
    0x08003ea8   0x00000038   Code   RO         3810    i.xPortSysTickHandler  port.o
    0x08003ee0   0x00000060   Code   RO         2871    i.xTaskCreate       tasks.o
    0x08003f40   0x00000020   Code   RO         2875    i.xTaskGetSchedulerState  tasks.o
    0x08003f60   0x0000014c   Code   RO         2878    i.xTaskIncrementTick  tasks.o
    0x080040ac   0x00000108   Code   RO         2884    i.xTaskResumeAll    tasks.o
    0x080041b4   0x00000018   Data   RO         2350    .constdata          system_stm32f7xx.o
    0x080041cc   0x00000014   Data   RO         2430    .constdata          main.o
    0x080041e0   0x00000030   Data   RO         2649    .constdata          cli-commands.o
    0x08004210   0x00000020   Data   RO         2715    .constdata          uart-interrupt-driven-command-console.o
    0x08004230   0x00000010   Data   RO         2792    .constdata          freertos_cli.o
    0x08004240   0x0000000c   Data   RO         2431    .conststring        main.o
    0x0800424c   0x00000114   Data   RO         2650    .conststring        cli-commands.o
    0x08004360   0x0000009c   Data   RO         2716    .conststring        uart-interrupt-driven-command-console.o
    0x080043fc   0x000000dd   Data   RO         2793    .conststring        freertos_cli.o
    0x080044d9   0x00000003   PAD
    0x080044dc   0x00000020   Data   RO         4243    Region$$Table       anon$$obj.o


    Execution Region RW_IRAM1 (Base: 0x20000000, Size: 0x000084a8, Max: 0x00080000, ABSOLUTE)

    Base Addr    Size         Type   Attr      Idx    E Section Name        Object

    0x20000000   0x00000004   Data   RW          980    .data               stm32f7xx_hal.o
    0x20000004   0x00000004   Data   RW         2351    .data               system_stm32f7xx.o
    0x20000008   0x00000038   Data   RW         2432    .data               main.o
    0x20000040   0x0000000c   Data   RW         2651    .data               cli-commands.o
    0x2000004c   0x00000008   Data   RW         2717    .data               uart-interrupt-driven-command-console.o
    0x20000054   0x00000014   Data   RW         2794    .data               freertos_cli.o
    0x20000068   0x0000003c   Data   RW         2887    .data               tasks.o
    0x200000a4   0x00000018   Data   RW         3754    .data               heap_4.o
    0x200000bc   0x0000000c   Data   RW         3811    .data               port.o
    0x200000c8   0x0000011f   Zero   RW         2429    .bss                main.o
    0x200001e7   0x00000001   PAD
    0x200001e8   0x000001d0   Zero   RW         2714    .bss                uart-interrupt-driven-command-console.o
    0x200003b8   0x00000400   Zero   RW         2791    .bss                freertos_cli.o
    0x200007b8   0x000000f0   Zero   RW         2886    .bss                tasks.o
    0x200008a8   0x00003c00   Zero   RW         3753    .bss                heap_4.o
    0x200044a8   0x00004000   Zero   RW         3914    STACK               startup_stm32f767xx.o


==============================================================================

Image component sizes


      Code (inc. data)   RO Data    RW Data    ZI Data      Debug   Object Name

       656        148        324         12          0       7747   cli-commands.o
       112          0          0          0          0      13242   cmsis_os.o
         0          0          0          0          0      10296   freertos.o
       546         36        237         20       1024       5736   freertos_cli.o
       712         62          0         24      15360       4939   heap_4.o
       148          0          0          0          0       3690   list.o
       310         28          0          0          0       3551   m2_modem.o
      1140        128         32         56        287      16811   main.o
       778         76          0         12          0      11148   port.o
        36          8        504          0      16384        824   startup_stm32f767xx.o
        90         14          0          4          0       3319   stm32f7xx_hal.o
       338         22          0          0          0      36701   stm32f7xx_hal_cortex.o
       548         52          0          0          0       2484   stm32f7xx_hal_gpio.o
         0          0          0          0          0     821804   stm32f7xx_hal_i2c.o
       338         30          0          0          0       2303   stm32f7xx_hal_msp.o
      1780         66          0          0          0       5620   stm32f7xx_hal_rcc.o
      1880         16          0          0          0       2316   stm32f7xx_hal_rcc_ex.o
      2166          0          0          0          0       8746   stm32f7xx_hal_spi.o
      1448         50          0          0          0       4661   stm32f7xx_hal_uart.o
        40          6          0          0          0       1022   stm32f7xx_it.o
       100         18         24          4          0       1215   system_stm32f7xx.o
      1944        278          0         60        240      26362   tasks.o
       496         54        188          8        464       4462   uart-interrupt-driven-command-console.o

    ----------------------------------------------------------------------
     15614       1092       1344        200      33760     998999   Object Totals
         0          0         32          0          0          0   (incl. Generated)
         8          0          3          0          1          0   (incl. Padding)

    ----------------------------------------------------------------------

      Code (inc. data)   RO Data    RW Data    ZI Data      Debug   Library Member Name

         0          0          0          0          0          0   entry.o
         0          0          0          0          0          0   entry10a.o
         0          0          0          0          0          0   entry11a.o
         8          4          0          0          0          0   entry2.o
         4          0          0          0          0          0   entry5.o
         0          0          0          0          0          0   entry7b.o
         0          0          0          0          0          0   entry8b.o
         8          4          0          0          0          0   entry9a.o
        30          0          0          0          0          0   handlers.o
        36          8          0          0          0         68   init.o
        36          0          0          0          0         68   memcpya.o
        36          0          0          0          0        108   memseta.o
       390         10          0          0          0        252   printf1.o
        14          0          0          0          0         68   strlen.o
        40          0          0          0          0         76   strncat.o
        30          0          0          0          0         80   strncmp.o
        24          0          0          0          0         76   strncpy.o
        44          0          0          0          0         80   uidiv.o

    ----------------------------------------------------------------------
       702         26          0          0          0        876   Library Totals
         2          0          0          0          0          0   (incl. Padding)

    ----------------------------------------------------------------------

      Code (inc. data)   RO Data    RW Data    ZI Data      Debug   Library Name

       700         26          0          0          0        876   mc_w.l

    ----------------------------------------------------------------------
       702         26          0          0          0        876   Library Totals

    ----------------------------------------------------------------------

==============================================================================


      Code (inc. data)   RO Data    RW Data    ZI Data      Debug   

     16316       1118       1344        200      33760     989915   Grand Totals
     16316       1118       1344        200      33760     989915   ELF Image Totals
     16316       1118       1344        200          0          0   ROM Totals

==============================================================================

    Total RO  Size (Code + RO Data)                17660 (  17.25kB)
    Total RW  Size (RW Data + ZI Data)             33960 (  33.16kB)
    Total ROM Size (Code + RO Data + RW Data)      17860 (  17.44kB)

==============================================================================

